<?xml version="1.0" encoding="ISO-8859-1" ?>
<link_info>
   <banner>TI ARM Linker PC v18.1.2.LTS</banner>
   <copyright>Copyright (c) 1996-2017 Texas Instruments Incorporated</copyright>
   <link_time>0x5b4cef3d</link_time>
   <link_errors>0x0</link_errors>
   <output_file>TMS57_FreeRTOS.out</output_file>
   <entry_point>
      <name>_c_int00</name>
      <address>0x12070</address>
   </entry_point>
   <input_file_list>
      <input_file id="fl-2">
         <path>.\source\</path>
         <kind>object</kind>
         <file>MyTasks.obj</file>
         <name>MyTasks.obj</name>
      </input_file>
      <input_file id="fl-3">
         <path>.\source\</path>
         <kind>object</kind>
         <file>RPLIDAR.obj</file>
         <name>RPLIDAR.obj</name>
      </input_file>
      <input_file id="fl-4">
         <path>.\source\</path>
         <kind>object</kind>
         <file>adc.obj</file>
         <name>adc.obj</name>
      </input_file>
      <input_file id="fl-5">
         <path>.\source\</path>
         <kind>object</kind>
         <file>can.obj</file>
         <name>can.obj</name>
      </input_file>
      <input_file id="fl-6">
         <path>.\source\</path>
         <kind>object</kind>
         <file>crc.obj</file>
         <name>crc.obj</name>
      </input_file>
      <input_file id="fl-7">
         <path>.\source\</path>
         <kind>object</kind>
         <file>dabort.obj</file>
         <name>dabort.obj</name>
      </input_file>
      <input_file id="fl-8">
         <path>.\source\</path>
         <kind>object</kind>
         <file>dcc.obj</file>
         <name>dcc.obj</name>
      </input_file>
      <input_file id="fl-9">
         <path>.\source\</path>
         <kind>object</kind>
         <file>ecap.obj</file>
         <name>ecap.obj</name>
      </input_file>
      <input_file id="fl-a">
         <path>.\source\</path>
         <kind>object</kind>
         <file>eqep.obj</file>
         <name>eqep.obj</name>
      </input_file>
      <input_file id="fl-b">
         <path>.\source\</path>
         <kind>object</kind>
         <file>esm.obj</file>
         <name>esm.obj</name>
      </input_file>
      <input_file id="fl-c">
         <path>.\source\</path>
         <kind>object</kind>
         <file>etpwm.obj</file>
         <name>etpwm.obj</name>
      </input_file>
      <input_file id="fl-d">
         <path>.\source\</path>
         <kind>object</kind>
         <file>gio.obj</file>
         <name>gio.obj</name>
      </input_file>
      <input_file id="fl-e">
         <path>.\source\</path>
         <kind>object</kind>
         <file>het.obj</file>
         <name>het.obj</name>
      </input_file>
      <input_file id="fl-f">
         <path>.\source\</path>
         <kind>object</kind>
         <file>i2c.obj</file>
         <name>i2c.obj</name>
      </input_file>
      <input_file id="fl-10">
         <path>.\source\</path>
         <kind>object</kind>
         <file>lin.obj</file>
         <name>lin.obj</name>
      </input_file>
      <input_file id="fl-11">
         <path>.\source\</path>
         <kind>object</kind>
         <file>mibspi.obj</file>
         <name>mibspi.obj</name>
      </input_file>
      <input_file id="fl-12">
         <path>.\source\</path>
         <kind>object</kind>
         <file>notification.obj</file>
         <name>notification.obj</name>
      </input_file>
      <input_file id="fl-13">
         <path>.\source\</path>
         <kind>object</kind>
         <file>os_croutine.obj</file>
         <name>os_croutine.obj</name>
      </input_file>
      <input_file id="fl-14">
         <path>.\source\</path>
         <kind>object</kind>
         <file>os_event_groups.obj</file>
         <name>os_event_groups.obj</name>
      </input_file>
      <input_file id="fl-15">
         <path>.\source\</path>
         <kind>object</kind>
         <file>os_heap.obj</file>
         <name>os_heap.obj</name>
      </input_file>
      <input_file id="fl-16">
         <path>.\source\</path>
         <kind>object</kind>
         <file>os_list.obj</file>
         <name>os_list.obj</name>
      </input_file>
      <input_file id="fl-17">
         <path>.\source\</path>
         <kind>object</kind>
         <file>os_mpu_wrappers.obj</file>
         <name>os_mpu_wrappers.obj</name>
      </input_file>
      <input_file id="fl-18">
         <path>.\source\</path>
         <kind>object</kind>
         <file>os_port.obj</file>
         <name>os_port.obj</name>
      </input_file>
      <input_file id="fl-19">
         <path>.\source\</path>
         <kind>object</kind>
         <file>os_portasm.obj</file>
         <name>os_portasm.obj</name>
      </input_file>
      <input_file id="fl-1a">
         <path>.\source\</path>
         <kind>object</kind>
         <file>os_queue.obj</file>
         <name>os_queue.obj</name>
      </input_file>
      <input_file id="fl-1b">
         <path>.\source\</path>
         <kind>object</kind>
         <file>os_tasks.obj</file>
         <name>os_tasks.obj</name>
      </input_file>
      <input_file id="fl-1c">
         <path>.\source\</path>
         <kind>object</kind>
         <file>os_timer.obj</file>
         <name>os_timer.obj</name>
      </input_file>
      <input_file id="fl-1d">
         <path>.\source\</path>
         <kind>object</kind>
         <file>pinmux.obj</file>
         <name>pinmux.obj</name>
      </input_file>
      <input_file id="fl-1e">
         <path>.\source\</path>
         <kind>object</kind>
         <file>sci.obj</file>
         <name>sci.obj</name>
      </input_file>
      <input_file id="fl-1f">
         <path>.\source\</path>
         <kind>object</kind>
         <file>spi.obj</file>
         <name>spi.obj</name>
      </input_file>
      <input_file id="fl-20">
         <path>.\source\</path>
         <kind>object</kind>
         <file>sys_core.obj</file>
         <name>sys_core.obj</name>
      </input_file>
      <input_file id="fl-21">
         <path>.\source\</path>
         <kind>object</kind>
         <file>sys_dma.obj</file>
         <name>sys_dma.obj</name>
      </input_file>
      <input_file id="fl-22">
         <path>.\source\</path>
         <kind>object</kind>
         <file>sys_intvecs.obj</file>
         <name>sys_intvecs.obj</name>
      </input_file>
      <input_file id="fl-23">
         <path>.\source\</path>
         <kind>object</kind>
         <file>sys_main.obj</file>
         <name>sys_main.obj</name>
      </input_file>
      <input_file id="fl-24">
         <path>.\source\</path>
         <kind>object</kind>
         <file>sys_mpu.obj</file>
         <name>sys_mpu.obj</name>
      </input_file>
      <input_file id="fl-25">
         <path>.\source\</path>
         <kind>object</kind>
         <file>sys_pcr.obj</file>
         <name>sys_pcr.obj</name>
      </input_file>
      <input_file id="fl-26">
         <path>.\source\</path>
         <kind>object</kind>
         <file>sys_phantom.obj</file>
         <name>sys_phantom.obj</name>
      </input_file>
      <input_file id="fl-27">
         <path>.\source\</path>
         <kind>object</kind>
         <file>sys_pmm.obj</file>
         <name>sys_pmm.obj</name>
      </input_file>
      <input_file id="fl-28">
         <path>.\source\</path>
         <kind>object</kind>
         <file>sys_pmu.obj</file>
         <name>sys_pmu.obj</name>
      </input_file>
      <input_file id="fl-29">
         <path>.\source\</path>
         <kind>object</kind>
         <file>sys_selftest.obj</file>
         <name>sys_selftest.obj</name>
      </input_file>
      <input_file id="fl-2a">
         <path>.\source\</path>
         <kind>object</kind>
         <file>sys_startup.obj</file>
         <name>sys_startup.obj</name>
      </input_file>
      <input_file id="fl-2b">
         <path>.\source\</path>
         <kind>object</kind>
         <file>sys_vim.obj</file>
         <name>sys_vim.obj</name>
      </input_file>
      <input_file id="fl-2c">
         <path>.\source\</path>
         <kind>object</kind>
         <file>system.obj</file>
         <name>system.obj</name>
      </input_file>
      <input_file id="fl-30">
         <kind>object</kind>
         <file>&lt;internal&gt;</file>
         <name>&lt;internal&gt;</name>
      </input_file>
      <input_file id="fl-31">
         <path>C:\ti\ccsv8\tools\compiler\ti-cgt-arm_18.1.2.LTS\lib\</path>
         <kind>archive</kind>
         <file>rtsv7R4_T_be_v3D16_eabi.lib</file>
         <name>s_floor.c.obj</name>
      </input_file>
      <input_file id="fl-32">
         <path>C:\ti\ccsv8\tools\compiler\ti-cgt-arm_18.1.2.LTS\lib\</path>
         <kind>archive</kind>
         <file>rtsv7R4_T_be_v3D16_eabi.lib</file>
         <name>memset_t2.asm.obj</name>
      </input_file>
      <input_file id="fl-33">
         <path>C:\ti\ccsv8\tools\compiler\ti-cgt-arm_18.1.2.LTS\lib\</path>
         <kind>archive</kind>
         <file>rtsv7R4_T_be_v3D16_eabi.lib</file>
         <name>u_div32.asm.obj</name>
      </input_file>
      <input_file id="fl-34">
         <path>C:\ti\ccsv8\tools\compiler\ti-cgt-arm_18.1.2.LTS\lib\</path>
         <kind>archive</kind>
         <file>rtsv7R4_T_be_v3D16_eabi.lib</file>
         <name>memcpy_t2.asm.obj</name>
      </input_file>
      <input_file id="fl-35">
         <path>C:\ti\ccsv8\tools\compiler\ti-cgt-arm_18.1.2.LTS\lib\</path>
         <kind>archive</kind>
         <file>rtsv7R4_T_be_v3D16_eabi.lib</file>
         <name>autoinit.c.obj</name>
      </input_file>
      <input_file id="fl-36">
         <path>C:\ti\ccsv8\tools\compiler\ti-cgt-arm_18.1.2.LTS\lib\</path>
         <kind>archive</kind>
         <file>rtsv7R4_T_be_v3D16_eabi.lib</file>
         <name>cpy_tbl.c.obj</name>
      </input_file>
      <input_file id="fl-37">
         <path>C:\ti\ccsv8\tools\compiler\ti-cgt-arm_18.1.2.LTS\lib\</path>
         <kind>archive</kind>
         <file>rtsv7R4_T_be_v3D16_eabi.lib</file>
         <name>copy_zero_init.c.obj</name>
      </input_file>
      <input_file id="fl-38">
         <path>C:\ti\ccsv8\tools\compiler\ti-cgt-arm_18.1.2.LTS\lib\</path>
         <kind>archive</kind>
         <file>rtsv7R4_T_be_v3D16_eabi.lib</file>
         <name>copy_decompress_none.c.obj</name>
      </input_file>
      <input_file id="fl-39">
         <path>C:\ti\ccsv8\tools\compiler\ti-cgt-arm_18.1.2.LTS\lib\</path>
         <kind>archive</kind>
         <file>rtsv7R4_T_be_v3D16_eabi.lib</file>
         <name>copy_decompress_lzss.c.obj</name>
      </input_file>
      <input_file id="fl-3a">
         <path>C:\ti\ccsv8\tools\compiler\ti-cgt-arm_18.1.2.LTS\lib\</path>
         <kind>archive</kind>
         <file>rtsv7R4_T_be_v3D16_eabi.lib</file>
         <name>exit.c.obj</name>
      </input_file>
      <input_file id="fl-3b">
         <path>C:\ti\ccsv8\tools\compiler\ti-cgt-arm_18.1.2.LTS\lib\</path>
         <kind>archive</kind>
         <file>rtsv7R4_T_be_v3D16_eabi.lib</file>
         <name>_lock.c.obj</name>
      </input_file>
      <input_file id="fl-3c">
         <path>C:\ti\ccsv8\tools\compiler\ti-cgt-arm_18.1.2.LTS\lib\</path>
         <kind>archive</kind>
         <file>rtsv7R4_T_be_v3D16_eabi.lib</file>
         <name>sprintf.c.obj</name>
      </input_file>
      <input_file id="fl-3d">
         <path>C:\ti\ccsv8\tools\compiler\ti-cgt-arm_18.1.2.LTS\lib\</path>
         <kind>archive</kind>
         <file>rtsv7R4_T_be_v3D16_eabi.lib</file>
         <name>strlen.c.obj</name>
      </input_file>
      <input_file id="fl-3e">
         <path>C:\ti\ccsv8\tools\compiler\ti-cgt-arm_18.1.2.LTS\lib\</path>
         <kind>archive</kind>
         <file>rtsv7R4_T_be_v3D16_eabi.lib</file>
         <name>div0.asm.obj</name>
      </input_file>
      <input_file id="fl-3f">
         <path>C:\ti\ccsv8\tools\compiler\ti-cgt-arm_18.1.2.LTS\lib\</path>
         <kind>archive</kind>
         <file>rtsv7R4_T_be_v3D16_eabi.lib</file>
         <name>_printfi.c.obj</name>
      </input_file>
      <input_file id="fl-40">
         <path>C:\ti\ccsv8\tools\compiler\ti-cgt-arm_18.1.2.LTS\lib\</path>
         <kind>archive</kind>
         <file>rtsv7R4_T_be_v3D16_eabi.lib</file>
         <name>atoi.c.obj</name>
      </input_file>
      <input_file id="fl-41">
         <path>C:\ti\ccsv8\tools\compiler\ti-cgt-arm_18.1.2.LTS\lib\</path>
         <kind>archive</kind>
         <file>rtsv7R4_T_be_v3D16_eabi.lib</file>
         <name>ctype.c.obj</name>
      </input_file>
      <input_file id="fl-42">
         <path>C:\ti\ccsv8\tools\compiler\ti-cgt-arm_18.1.2.LTS\lib\</path>
         <kind>archive</kind>
         <file>rtsv7R4_T_be_v3D16_eabi.lib</file>
         <name>ltoa.c.obj</name>
      </input_file>
      <input_file id="fl-43">
         <path>C:\ti\ccsv8\tools\compiler\ti-cgt-arm_18.1.2.LTS\lib\</path>
         <kind>archive</kind>
         <file>rtsv7R4_T_be_v3D16_eabi.lib</file>
         <name>memccpy.c.obj</name>
      </input_file>
      <input_file id="fl-44">
         <path>C:\ti\ccsv8\tools\compiler\ti-cgt-arm_18.1.2.LTS\lib\</path>
         <kind>archive</kind>
         <file>rtsv7R4_T_be_v3D16_eabi.lib</file>
         <name>strchr.c.obj</name>
      </input_file>
      <input_file id="fl-45">
         <path>C:\ti\ccsv8\tools\compiler\ti-cgt-arm_18.1.2.LTS\lib\</path>
         <kind>archive</kind>
         <file>rtsv7R4_T_be_v3D16_eabi.lib</file>
         <name>s_frexp.c.obj</name>
      </input_file>
      <input_file id="fl-46">
         <path>C:\ti\ccsv8\tools\compiler\ti-cgt-arm_18.1.2.LTS\lib\</path>
         <kind>archive</kind>
         <file>rtsv7R4_T_be_v3D16_eabi.lib</file>
         <name>s_scalbn.c.obj</name>
      </input_file>
      <input_file id="fl-47">
         <path>C:\ti\ccsv8\tools\compiler\ti-cgt-arm_18.1.2.LTS\lib\</path>
         <kind>archive</kind>
         <file>rtsv7R4_T_be_v3D16_eabi.lib</file>
         <name>s_copysign.c.obj</name>
      </input_file>
      <input_file id="fl-48">
         <path>C:\ti\ccsv8\tools\compiler\ti-cgt-arm_18.1.2.LTS\lib\</path>
         <kind>archive</kind>
         <file>rtsv7R4_T_be_v3D16_eabi.lib</file>
         <name>wcslen.c.obj</name>
      </input_file>
      <input_file id="fl-49">
         <path>C:\ti\ccsv8\tools\compiler\ti-cgt-arm_18.1.2.LTS\lib\</path>
         <kind>archive</kind>
         <file>rtsv7R4_T_be_v3D16_eabi.lib</file>
         <name>ull_div32.asm.obj</name>
      </input_file>
      <input_file id="fl-4a">
         <path>C:\ti\ccsv8\tools\compiler\ti-cgt-arm_18.1.2.LTS\lib\</path>
         <kind>archive</kind>
         <file>rtsv7R4_T_be_v3D16_eabi.lib</file>
         <name>errno.c.obj</name>
      </input_file>
   </input_file_list>
   <object_component_list>
      <object_component id="oc-36">
         <name>.intvecs</name>
         <load_address>0x0</load_address>
         <run_address>0x0</run_address>
         <size>0x20</size>
         <input_file_ref idref="fl-22"/>
      </object_component>
      <object_component id="oc-13c">
         <name>.kernelTEXT</name>
         <load_address>0x20</load_address>
         <run_address>0x20</run_address>
         <size>0x2bdc</size>
         <input_file_ref idref="fl-1b"/>
      </object_component>
      <object_component id="oc-154">
         <name>.kernelTEXT</name>
         <load_address>0x2bfc</load_address>
         <run_address>0x2bfc</run_address>
         <size>0x11dc</size>
         <input_file_ref idref="fl-1a"/>
      </object_component>
      <object_component id="oc-334">
         <name>.kernelTEXT</name>
         <load_address>0x3dd8</load_address>
         <run_address>0x3dd8</run_address>
         <size>0x81c</size>
         <input_file_ref idref="fl-14"/>
      </object_component>
      <object_component id="oc-9c">
         <name>.kernelTEXT</name>
         <load_address>0x45f4</load_address>
         <run_address>0x45f4</run_address>
         <size>0x4b0</size>
         <input_file_ref idref="fl-19"/>
      </object_component>
      <object_component id="oc-25e">
         <name>.kernelTEXT</name>
         <load_address>0x4aa4</load_address>
         <run_address>0x4aa4</run_address>
         <size>0x3e0</size>
         <input_file_ref idref="fl-18"/>
      </object_component>
      <object_component id="oc-252">
         <name>.kernelTEXT</name>
         <load_address>0x4e84</load_address>
         <run_address>0x4e84</run_address>
         <size>0x380</size>
         <input_file_ref idref="fl-15"/>
      </object_component>
      <object_component id="oc-52e">
         <name>.cinit..data.load</name>
         <load_address>0x5208</load_address>
         <run_address>0x5208</run_address>
         <size>0xc</size>
      </object_component>
      <object_component id="oc-529">
         <name>__TI_handler_table</name>
         <load_address>0x5214</load_address>
         <run_address>0x5214</run_address>
         <size>0xc</size>
      </object_component>
      <object_component id="oc-52b">
         <name>.cinit..kernelBSS.load</name>
         <load_address>0x5220</load_address>
         <run_address>0x5220</run_address>
         <size>0x9</size>
      </object_component>
      <object_component id="oc-52d">
         <name>.cinit..bss.load</name>
         <load_address>0x5230</load_address>
         <run_address>0x5230</run_address>
         <size>0x8</size>
      </object_component>
      <object_component id="oc-52c">
         <name>.cinit..kernelHEAP.load</name>
         <load_address>0x5238</load_address>
         <run_address>0x5238</run_address>
         <size>0x8</size>
      </object_component>
      <object_component id="oc-52a">
         <name>__TI_cinit_table</name>
         <load_address>0x5240</load_address>
         <run_address>0x5240</run_address>
         <size>0x20</size>
      </object_component>
      <object_component id="oc-7b">
         <name>.text</name>
         <load_address>0x8020</load_address>
         <run_address>0x8020</run_address>
         <size>0x2cdc</size>
         <input_file_ref idref="fl-29"/>
      </object_component>
      <object_component id="oc-124">
         <name>.text</name>
         <load_address>0xacfc</load_address>
         <run_address>0xacfc</run_address>
         <size>0xea0</size>
         <input_file_ref idref="fl-4"/>
      </object_component>
      <object_component id="oc-130">
         <name>.text</name>
         <load_address>0xbb9c</load_address>
         <run_address>0xbb9c</run_address>
         <size>0xbd0</size>
         <input_file_ref idref="fl-e"/>
      </object_component>
      <object_component id="oc-75">
         <name>.text</name>
         <load_address>0xc76c</load_address>
         <run_address>0xc76c</run_address>
         <size>0xb28</size>
         <input_file_ref idref="fl-2c"/>
      </object_component>
      <object_component id="oc-42">
         <name>.text</name>
         <load_address>0xd294</load_address>
         <run_address>0xd294</run_address>
         <size>0xa58</size>
         <input_file_ref idref="fl-2b"/>
      </object_component>
      <object_component id="oc-12a">
         <name>.text</name>
         <load_address>0xdcec</load_address>
         <run_address>0xdcec</run_address>
         <size>0xa34</size>
         <input_file_ref idref="fl-1e"/>
      </object_component>
      <object_component id="oc-349">
         <name>.text:__TI_printfi</name>
         <load_address>0xe720</load_address>
         <run_address>0xe720</run_address>
         <size>0xa32</size>
         <input_file_ref idref="fl-3f"/>
      </object_component>
      <object_component id="oc-324">
         <name>.text</name>
         <load_address>0xf152</load_address>
         <run_address>0xf152</run_address>
         <size>0x2</size>
         <input_file_ref idref="fl-3e"/>
      </object_component>
      <object_component id="oc-232">
         <name>.text</name>
         <load_address>0xf154</load_address>
         <run_address>0xf154</run_address>
         <size>0x9a0</size>
         <input_file_ref idref="fl-17"/>
      </object_component>
      <object_component id="oc-d8">
         <name>.text</name>
         <load_address>0xfaf4</load_address>
         <run_address>0xfaf4</run_address>
         <size>0x8bc</size>
         <input_file_ref idref="fl-1d"/>
      </object_component>
      <object_component id="oc-81">
         <name>.text</name>
         <load_address>0x103b0</load_address>
         <run_address>0x103b0</run_address>
         <size>0x5bc</size>
         <input_file_ref idref="fl-b"/>
      </object_component>
      <object_component id="oc-11e">
         <name>.text</name>
         <load_address>0x1096c</load_address>
         <run_address>0x1096c</run_address>
         <size>0x484</size>
         <input_file_ref idref="fl-d"/>
      </object_component>
      <object_component id="oc-238">
         <name>.text</name>
         <load_address>0x10df0</load_address>
         <run_address>0x10df0</run_address>
         <size>0x3d0</size>
         <input_file_ref idref="fl-3"/>
      </object_component>
      <object_component id="oc-70">
         <name>.text</name>
         <load_address>0x111c0</load_address>
         <run_address>0x111c0</run_address>
         <size>0x34c</size>
         <input_file_ref idref="fl-20"/>
      </object_component>
      <object_component id="oc-136">
         <name>.text</name>
         <load_address>0x1150c</load_address>
         <run_address>0x1150c</run_address>
         <size>0x320</size>
         <input_file_ref idref="fl-2"/>
      </object_component>
      <object_component id="oc-41">
         <name>.text:retain</name>
         <load_address>0x1182c</load_address>
         <run_address>0x1182c</run_address>
         <size>0x2cc</size>
         <input_file_ref idref="fl-2b"/>
      </object_component>
      <object_component id="oc-90">
         <name>.text</name>
         <load_address>0x11af8</load_address>
         <run_address>0x11af8</run_address>
         <size>0x2c0</size>
         <input_file_ref idref="fl-12"/>
      </object_component>
      <object_component id="oc-46b">
         <name>.text</name>
         <load_address>0x11db8</load_address>
         <run_address>0x11db8</run_address>
         <size>0x2b8</size>
         <input_file_ref idref="fl-49"/>
      </object_component>
      <object_component id="oc-1b">
         <name>.text:retain</name>
         <load_address>0x12070</load_address>
         <run_address>0x12070</run_address>
         <size>0x27c</size>
         <input_file_ref idref="fl-2a"/>
      </object_component>
      <object_component id="oc-364">
         <name>.text</name>
         <load_address>0x122ec</load_address>
         <run_address>0x122ec</run_address>
         <size>0x278</size>
         <input_file_ref idref="fl-15"/>
      </object_component>
      <object_component id="oc-3fb">
         <name>.text:_pconv_a</name>
         <load_address>0x12564</load_address>
         <run_address>0x12564</run_address>
         <size>0x248</size>
         <input_file_ref idref="fl-3f"/>
      </object_component>
      <object_component id="oc-258">
         <name>.text</name>
         <load_address>0x127ac</load_address>
         <run_address>0x127ac</run_address>
         <size>0x238</size>
         <input_file_ref idref="fl-16"/>
      </object_component>
      <object_component id="oc-30">
         <name>.text:retain</name>
         <load_address>0x129e4</load_address>
         <run_address>0x129e4</run_address>
         <size>0x204</size>
         <input_file_ref idref="fl-1e"/>
      </object_component>
      <object_component id="oc-374">
         <name>.text</name>
         <load_address>0x12be8</load_address>
         <run_address>0x12be8</run_address>
         <size>0x1b4</size>
         <input_file_ref idref="fl-18"/>
      </object_component>
      <object_component id="oc-3e9">
         <name>.text:_pconv_g</name>
         <load_address>0x12d9c</load_address>
         <run_address>0x12d9c</run_address>
         <size>0x1a8</size>
         <input_file_ref idref="fl-3f"/>
      </object_component>
      <object_component id="oc-264">
         <name>.text</name>
         <load_address>0x12f44</load_address>
         <run_address>0x12f44</run_address>
         <size>0x164</size>
         <input_file_ref idref="fl-1b"/>
      </object_component>
      <object_component id="oc-21">
         <name>.text:retain</name>
         <load_address>0x130a8</load_address>
         <run_address>0x130a8</run_address>
         <size>0x114</size>
         <input_file_ref idref="fl-b"/>
      </object_component>
      <object_component id="oc-3f5">
         <name>.text:_pconv_e</name>
         <load_address>0x131bc</load_address>
         <run_address>0x131bc</run_address>
         <size>0x104</size>
         <input_file_ref idref="fl-3f"/>
      </object_component>
      <object_component id="oc-484">
         <name>.text:fcvt</name>
         <load_address>0x132c0</load_address>
         <run_address>0x132c0</run_address>
         <size>0xfc</size>
         <input_file_ref idref="fl-3f"/>
      </object_component>
      <object_component id="oc-498">
         <name>.text:scalbn</name>
         <load_address>0x133bc</load_address>
         <run_address>0x133bc</run_address>
         <size>0xec</size>
         <input_file_ref idref="fl-46"/>
      </object_component>
      <object_component id="oc-a9">
         <name>.text</name>
         <load_address>0x134a8</load_address>
         <run_address>0x134a8</run_address>
         <size>0xe8</size>
         <input_file_ref idref="fl-7"/>
      </object_component>
      <object_component id="oc-213">
         <name>.text:floor</name>
         <load_address>0x13590</load_address>
         <run_address>0x13590</run_address>
         <size>0xe0</size>
         <input_file_ref idref="fl-31"/>
      </object_component>
      <object_component id="oc-e0">
         <name>.text</name>
         <load_address>0x13670</load_address>
         <run_address>0x13670</run_address>
         <size>0xe0</size>
         <input_file_ref idref="fl-28"/>
      </object_component>
      <object_component id="oc-3e3">
         <name>.text:_ltostr</name>
         <load_address>0x13750</load_address>
         <run_address>0x13750</run_address>
         <size>0xad</size>
         <input_file_ref idref="fl-3f"/>
      </object_component>
      <object_component id="oc-58">
         <name>.text</name>
         <load_address>0x137fe</load_address>
         <run_address>0x137fe</run_address>
         <size>0x9c</size>
         <input_file_ref idref="fl-34"/>
      </object_component>
      <object_component id="oc-2a">
         <name>.text:retain</name>
         <load_address>0x1389c</load_address>
         <run_address>0x1389c</run_address>
         <size>0x98</size>
         <input_file_ref idref="fl-d"/>
      </object_component>
      <object_component id="oc-47d">
         <name>.text:_mcpy</name>
         <load_address>0x13934</load_address>
         <run_address>0x13934</run_address>
         <size>0x7a</size>
         <input_file_ref idref="fl-3f"/>
      </object_component>
      <object_component id="oc-d1">
         <name>.text</name>
         <load_address>0x139ae</load_address>
         <run_address>0x139ae</run_address>
         <size>0x7a</size>
         <input_file_ref idref="fl-32"/>
      </object_component>
      <object_component id="oc-492">
         <name>.text:frexp</name>
         <load_address>0x13a28</load_address>
         <run_address>0x13a28</run_address>
         <size>0x74</size>
         <input_file_ref idref="fl-45"/>
      </object_component>
      <object_component id="oc-e">
         <name>.text:decompress:lzss:__TI_decompress_lzss</name>
         <load_address>0x13a9c</load_address>
         <run_address>0x13a9c</run_address>
         <size>0x6c</size>
         <input_file_ref idref="fl-39"/>
      </object_component>
      <object_component id="oc-88">
         <name>.text</name>
         <load_address>0x13b08</load_address>
         <run_address>0x13b08</run_address>
         <size>0x64</size>
         <input_file_ref idref="fl-23"/>
      </object_component>
      <object_component id="oc-477">
         <name>.text:_ecpy</name>
         <load_address>0x13b6c</load_address>
         <run_address>0x13b6c</run_address>
         <size>0x54</size>
         <input_file_ref idref="fl-3f"/>
      </object_component>
      <object_component id="oc-471">
         <name>.text:ltoa</name>
         <load_address>0x13bc0</load_address>
         <run_address>0x13bc0</run_address>
         <size>0x54</size>
         <input_file_ref idref="fl-42"/>
      </object_component>
      <object_component id="oc-3ef">
         <name>.text:_pconv_f</name>
         <load_address>0x13c14</load_address>
         <run_address>0x13c14</run_address>
         <size>0x50</size>
         <input_file_ref idref="fl-3f"/>
      </object_component>
      <object_component id="oc-3dd">
         <name>.text:atoi</name>
         <load_address>0x13c64</load_address>
         <run_address>0x13c64</run_address>
         <size>0x50</size>
         <input_file_ref idref="fl-40"/>
      </object_component>
      <object_component id="oc-21a">
         <name>.text</name>
         <load_address>0x13cb4</load_address>
         <run_address>0x13cb4</run_address>
         <size>0x50</size>
         <input_file_ref idref="fl-33"/>
      </object_component>
      <object_component id="oc-ee">
         <name>.text:__TI_auto_init_nobinit_nopinit:__TI_auto_init_nobinit_nopinit</name>
         <load_address>0x13d04</load_address>
         <run_address>0x13d04</run_address>
         <size>0x44</size>
         <input_file_ref idref="fl-35"/>
      </object_component>
      <object_component id="oc-48a">
         <name>.text:_fcpy</name>
         <load_address>0x13d48</load_address>
         <run_address>0x13d48</run_address>
         <size>0x40</size>
         <input_file_ref idref="fl-3f"/>
      </object_component>
      <object_component id="oc-23e">
         <name>.text:sprintf</name>
         <load_address>0x13d88</load_address>
         <run_address>0x13d88</run_address>
         <size>0x40</size>
         <input_file_ref idref="fl-3c"/>
      </object_component>
      <object_component id="oc-401">
         <name>.text:memccpy</name>
         <load_address>0x13dc8</load_address>
         <run_address>0x13dc8</run_address>
         <size>0x1c</size>
         <input_file_ref idref="fl-43"/>
      </object_component>
      <object_component id="oc-34f">
         <name>.text:_outs</name>
         <load_address>0x13de4</load_address>
         <run_address>0x13de4</run_address>
         <size>0x1a</size>
         <input_file_ref idref="fl-3c"/>
      </object_component>
      <object_component id="oc-4d9">
         <name>.text:copysign</name>
         <load_address>0x13dfe</load_address>
         <run_address>0x13dfe</run_address>
         <size>0x18</size>
         <input_file_ref idref="fl-47"/>
      </object_component>
      <object_component id="oc-49e">
         <name>.text:strchr</name>
         <load_address>0x13e16</load_address>
         <run_address>0x13e16</run_address>
         <size>0x16</size>
         <input_file_ref idref="fl-44"/>
      </object_component>
      <object_component id="oc-244">
         <name>.text:strlen</name>
         <load_address>0x13e2c</load_address>
         <run_address>0x13e2c</run_address>
         <size>0x16</size>
         <input_file_ref idref="fl-3d"/>
      </object_component>
      <object_component id="oc-407">
         <name>.text:wcslen</name>
         <load_address>0x13e42</load_address>
         <run_address>0x13e42</run_address>
         <size>0x12</size>
         <input_file_ref idref="fl-48"/>
      </object_component>
      <object_component id="oc-14">
         <name>.text:decompress:none:__TI_decompress_none</name>
         <load_address>0x13e54</load_address>
         <run_address>0x13e54</run_address>
         <size>0xe</size>
         <input_file_ref idref="fl-38"/>
      </object_component>
      <object_component id="oc-6a">
         <name>.text:decompress:ZI:__TI_zero_init</name>
         <load_address>0x13e62</load_address>
         <run_address>0x13e62</run_address>
         <size>0xc</size>
         <input_file_ref idref="fl-37"/>
      </object_component>
      <object_component id="oc-355">
         <name>.text:_outc</name>
         <load_address>0x13e6e</load_address>
         <run_address>0x13e6e</run_address>
         <size>0xa</size>
         <input_file_ref idref="fl-3c"/>
      </object_component>
      <object_component id="oc-40d">
         <name>.text:__aeabi_errno_addr</name>
         <load_address>0x13e78</load_address>
         <run_address>0x13e78</run_address>
         <size>0x8</size>
         <input_file_ref idref="fl-4a"/>
      </object_component>
      <object_component id="oc-148">
         <name>.text:abort:abort</name>
         <load_address>0x13e80</load_address>
         <run_address>0x13e80</run_address>
         <size>0x4</size>
         <input_file_ref idref="fl-3a"/>
      </object_component>
      <object_component id="oc-3b">
         <name>.text:retain</name>
         <load_address>0x13e84</load_address>
         <run_address>0x13e84</run_address>
         <size>0x4</size>
         <input_file_ref idref="fl-26"/>
      </object_component>
      <object_component id="oc-21f">
         <name>.const:het1PROGRAM</name>
         <load_address>0x13e88</load_address>
         <run_address>0x13e88</run_address>
         <size>0x3a0</size>
         <input_file_ref idref="fl-e"/>
      </object_component>
      <object_component id="oc-222">
         <name>.const:het2PROGRAM</name>
         <load_address>0x14228</load_address>
         <run_address>0x14228</run_address>
         <size>0x3a0</size>
         <input_file_ref idref="fl-e"/>
      </object_component>
      <object_component id="oc-27">
         <name>.const:s_vim_init</name>
         <load_address>0x145c8</load_address>
         <run_address>0x145c8</run_address>
         <size>0x200</size>
         <input_file_ref idref="fl-2b"/>
      </object_component>
      <object_component id="oc-466">
         <name>.const:.string:_ctypes_</name>
         <load_address>0x147c8</load_address>
         <run_address>0x147c8</run_address>
         <size>0x101</size>
         <input_file_ref idref="fl-41"/>
      </object_component>
      <object_component id="oc-345">
         <name>.const:.string:$P$T0$2</name>
         <load_address>0x148c9</load_address>
         <run_address>0x148c9</run_address>
         <size>0x2</size>
         <input_file_ref idref="fl-3"/>
      </object_component>
      <object_component id="oc-225">
         <name>.const:s_het1pwmPolarity</name>
         <load_address>0x148cc</load_address>
         <run_address>0x148cc</run_address>
         <size>0x20</size>
         <input_file_ref idref="fl-e"/>
      </object_component>
      <object_component id="oc-228">
         <name>.const:s_het2pwmPolarity</name>
         <load_address>0x148ec</load_address>
         <run_address>0x148ec</run_address>
         <size>0x20</size>
         <input_file_ref idref="fl-e"/>
      </object_component>
      <object_component id="oc-20c">
         <name>.const:s_adcFiFoSize</name>
         <load_address>0x1490c</load_address>
         <run_address>0x1490c</run_address>
         <size>0x18</size>
         <input_file_ref idref="fl-4"/>
      </object_component>
      <object_component id="oc-20f">
         <name>.const:s_adcSelect</name>
         <load_address>0x14924</load_address>
         <run_address>0x14924</run_address>
         <size>0x18</size>
         <input_file_ref idref="fl-4"/>
      </object_component>
      <object_component id="oc-171">
         <name>.kernelBSS:init</name>
         <load_address>0x80008d0</load_address>
         <run_address>0x80008d0</run_address>
         <size>0x34</size>
         <input_file_ref idref="fl-1b"/>
      </object_component>
      <object_component id="oc-26a">
         <name>.kernelBSS:uninit</name>
         <load_address>0x8000800</load_address>
         <run_address>0x8000800</run_address>
         <size>0xd0</size>
         <input_file_ref idref="fl-1b"/>
      </object_component>
      <object_component id="oc-425">
         <name>.kernelHEAP</name>
         <uninitialized>true</uninitialized>
         <run_address>0x8008dad</run_address>
         <size>0x2000</size>
         <input_file_ref idref="fl-15"/>
      </object_component>
      <object_component id="oc-36d">
         <name>.bss:xStart</name>
         <uninitialized>true</uninitialized>
         <run_address>0x8008d9c</run_address>
         <size>0x8</size>
         <input_file_ref idref="fl-15"/>
      </object_component>
      <object_component id="oc-a5">
         <name>.bss:g_sciTransfer_t</name>
         <uninitialized>true</uninitialized>
         <run_address>0x8008d74</run_address>
         <size>0x28</size>
         <input_file_ref idref="fl-1e"/>
      </object_component>
      <object_component id="oc-15e">
         <name>.common:UART_rx</name>
         <uninitialized>true</uninitialized>
         <run_address>0x8008dac</run_address>
         <size>0x1</size>
      </object_component>
      <object_component id="oc-165">
         <name>.common:Buff</name>
         <uninitialized>true</uninitialized>
         <run_address>0x8008d10</run_address>
         <size>0x64</size>
      </object_component>
      <object_component id="oc-24a">
         <name>.common:vTask1_handle</name>
         <uninitialized>true</uninitialized>
         <run_address>0x8008da4</run_address>
         <size>0x4</size>
      </object_component>
      <object_component id="oc-24b">
         <name>.common:vTask2_handle</name>
         <uninitialized>true</uninitialized>
         <run_address>0x8008da8</run_address>
         <size>0x4</size>
      </object_component>
      <object_component id="oc-341">
         <name>.common:rplidar</name>
         <uninitialized>true</uninitialized>
         <run_address>0x8001000</run_address>
         <size>0x7d10</size>
      </object_component>
      <object_component id="oc-15b">
         <name>.data</name>
         <load_address>0x800adb0</load_address>
         <run_address>0x800adb0</run_address>
         <size>0x10</size>
         <input_file_ref idref="fl-2"/>
      </object_component>
      <object_component id="oc-344">
         <name>.data</name>
         <load_address>0x800ade4</load_address>
         <run_address>0x800ade4</run_address>
         <size>0x1</size>
         <input_file_ref idref="fl-3"/>
      </object_component>
      <object_component id="oc-15a">
         <name>.data</name>
         <load_address>0x800add0</load_address>
         <run_address>0x800add0</run_address>
         <size>0x8</size>
         <input_file_ref idref="fl-12"/>
      </object_component>
      <object_component id="oc-36a">
         <name>.data</name>
         <load_address>0x800adc0</load_address>
         <run_address>0x800adc0</run_address>
         <size>0x10</size>
         <input_file_ref idref="fl-15"/>
      </object_component>
      <object_component id="oc-174">
         <name>.data</name>
         <load_address>0x800add8</load_address>
         <run_address>0x800add8</run_address>
         <size>0x8</size>
         <input_file_ref idref="fl-18"/>
      </object_component>
      <object_component id="oc-4ae">
         <name>.data</name>
         <load_address>0x800ade0</load_address>
         <run_address>0x800ade0</run_address>
         <size>0x4</size>
         <input_file_ref idref="fl-4a"/>
      </object_component>
      <object_component id="oc-15f">
         <name>.debug_info</name>
         <load_address>0x0</load_address>
         <run_address>0x0</run_address>
         <size>0x8ea</size>
         <input_file_ref idref="fl-2"/>
      </object_component>
      <object_component id="oc-15c">
         <name>.debug_info</name>
         <load_address>0x8ea</load_address>
         <run_address>0x8ea</run_address>
         <size>0x17d</size>
         <input_file_ref idref="fl-2"/>
      </object_component>
      <object_component id="oc-137">
         <name>.debug_info</name>
         <load_address>0xa67</load_address>
         <run_address>0xa67</run_address>
         <size>0x6b6</size>
         <input_file_ref idref="fl-2"/>
      </object_component>
      <object_component id="oc-274">
         <name>.debug_info</name>
         <load_address>0x111d</load_address>
         <run_address>0x111d</run_address>
         <size>0x30c</size>
         <input_file_ref idref="fl-2"/>
      </object_component>
      <object_component id="oc-17a">
         <name>.debug_info</name>
         <load_address>0x1429</load_address>
         <run_address>0x1429</run_address>
         <size>0x26b</size>
         <input_file_ref idref="fl-2"/>
      </object_component>
      <object_component id="oc-97">
         <name>.debug_info</name>
         <load_address>0x1694</load_address>
         <run_address>0x1694</run_address>
         <size>0x157</size>
         <input_file_ref idref="fl-2"/>
      </object_component>
      <object_component id="oc-1ba">
         <name>.debug_info</name>
         <load_address>0x17eb</load_address>
         <run_address>0x17eb</run_address>
         <size>0x791</size>
         <input_file_ref idref="fl-2"/>
      </object_component>
      <object_component id="oc-2a2">
         <name>.debug_info</name>
         <load_address>0x1f7c</load_address>
         <run_address>0x1f7c</run_address>
         <size>0x37f</size>
         <input_file_ref idref="fl-2"/>
      </object_component>
      <object_component id="oc-24d">
         <name>.debug_info</name>
         <load_address>0x22fb</load_address>
         <run_address>0x22fb</run_address>
         <size>0xe1</size>
         <input_file_ref idref="fl-2"/>
      </object_component>
      <object_component id="oc-143">
         <name>.debug_info</name>
         <load_address>0x23dc</load_address>
         <run_address>0x23dc</run_address>
         <size>0x8b</size>
         <input_file_ref idref="fl-2"/>
      </object_component>
      <object_component id="oc-284">
         <name>.debug_info</name>
         <load_address>0x2467</load_address>
         <run_address>0x2467</run_address>
         <size>0x46</size>
         <input_file_ref idref="fl-2"/>
      </object_component>
      <object_component id="oc-293">
         <name>.debug_info</name>
         <load_address>0x24ad</load_address>
         <run_address>0x24ad</run_address>
         <size>0x46</size>
         <input_file_ref idref="fl-2"/>
      </object_component>
      <object_component id="oc-26f">
         <name>.debug_info</name>
         <load_address>0x24f3</load_address>
         <run_address>0x24f3</run_address>
         <size>0x2c</size>
         <input_file_ref idref="fl-2"/>
      </object_component>
      <object_component id="oc-2d8">
         <name>.debug_info</name>
         <load_address>0x251f</load_address>
         <run_address>0x251f</run_address>
         <size>0x297</size>
         <input_file_ref idref="fl-2"/>
      </object_component>
      <object_component id="oc-16c">
         <name>.debug_info</name>
         <load_address>0x27b6</load_address>
         <run_address>0x27b6</run_address>
         <size>0xbb</size>
         <input_file_ref idref="fl-2"/>
      </object_component>
      <object_component id="oc-2a7">
         <name>.debug_info</name>
         <load_address>0x2871</load_address>
         <run_address>0x2871</run_address>
         <size>0x53</size>
         <input_file_ref idref="fl-2"/>
      </object_component>
      <object_component id="oc-b6">
         <name>.debug_info</name>
         <load_address>0x28c4</load_address>
         <run_address>0x28c4</run_address>
         <size>0x86</size>
         <input_file_ref idref="fl-2"/>
      </object_component>
      <object_component id="oc-35d">
         <name>.debug_info</name>
         <load_address>0x294a</load_address>
         <run_address>0x294a</run_address>
         <size>0x2c</size>
         <input_file_ref idref="fl-2"/>
      </object_component>
      <object_component id="oc-2ef">
         <name>.debug_info</name>
         <load_address>0x2976</load_address>
         <run_address>0x2976</run_address>
         <size>0x38f</size>
         <input_file_ref idref="fl-2"/>
      </object_component>
      <object_component id="oc-189">
         <name>.debug_info</name>
         <load_address>0x2d05</load_address>
         <run_address>0x2d05</run_address>
         <size>0x1f9</size>
         <input_file_ref idref="fl-2"/>
      </object_component>
      <object_component id="oc-314">
         <name>.debug_info</name>
         <load_address>0x2efe</load_address>
         <run_address>0x2efe</run_address>
         <size>0x12a</size>
         <input_file_ref idref="fl-2"/>
      </object_component>
      <object_component id="oc-1d3">
         <name>.debug_info</name>
         <load_address>0x3028</load_address>
         <run_address>0x3028</run_address>
         <size>0x3d3</size>
         <input_file_ref idref="fl-2"/>
      </object_component>
      <object_component id="oc-22d">
         <name>.debug_info</name>
         <load_address>0x33fb</load_address>
         <run_address>0x33fb</run_address>
         <size>0x2e3</size>
         <input_file_ref idref="fl-2"/>
      </object_component>
      <object_component id="oc-298">
         <name>.debug_info</name>
         <load_address>0x36de</load_address>
         <run_address>0x36de</run_address>
         <size>0x243</size>
         <input_file_ref idref="fl-2"/>
      </object_component>
      <object_component id="oc-2e8">
         <name>.debug_info</name>
         <load_address>0x3921</load_address>
         <run_address>0x3921</run_address>
         <size>0x18e</size>
         <input_file_ref idref="fl-2"/>
      </object_component>
      <object_component id="oc-29d">
         <name>.debug_info</name>
         <load_address>0x3aaf</load_address>
         <run_address>0x3aaf</run_address>
         <size>0x14c</size>
         <input_file_ref idref="fl-2"/>
      </object_component>
      <object_component id="oc-342">
         <name>.debug_info</name>
         <load_address>0x3bfb</load_address>
         <run_address>0x3bfb</run_address>
         <size>0x465</size>
         <input_file_ref idref="fl-3"/>
      </object_component>
      <object_component id="oc-346">
         <name>.debug_info</name>
         <load_address>0x4060</load_address>
         <run_address>0x4060</run_address>
         <size>0xdf</size>
         <input_file_ref idref="fl-3"/>
      </object_component>
      <object_component id="oc-239">
         <name>.debug_info</name>
         <load_address>0x413f</load_address>
         <run_address>0x413f</run_address>
         <size>0x4b7</size>
         <input_file_ref idref="fl-3"/>
      </object_component>
      <object_component id="oc-3d6">
         <name>.debug_info</name>
         <load_address>0x45f6</load_address>
         <run_address>0x45f6</run_address>
         <size>0x154</size>
         <input_file_ref idref="fl-3"/>
      </object_component>
      <object_component id="oc-1a6">
         <name>.debug_info</name>
         <load_address>0x474a</load_address>
         <run_address>0x474a</run_address>
         <size>0x310</size>
         <input_file_ref idref="fl-4"/>
      </object_component>
      <object_component id="oc-210">
         <name>.debug_info</name>
         <load_address>0x4a5a</load_address>
         <run_address>0x4a5a</run_address>
         <size>0xe4</size>
         <input_file_ref idref="fl-4"/>
      </object_component>
      <object_component id="oc-20d">
         <name>.debug_info</name>
         <load_address>0x4b3e</load_address>
         <run_address>0x4b3e</run_address>
         <size>0xe8</size>
         <input_file_ref idref="fl-4"/>
      </object_component>
      <object_component id="oc-126">
         <name>.debug_info</name>
         <load_address>0x4c26</load_address>
         <run_address>0x4c26</run_address>
         <size>0xc25</size>
         <input_file_ref idref="fl-4"/>
      </object_component>
      <object_component id="oc-b1">
         <name>.debug_info</name>
         <load_address>0x584b</load_address>
         <run_address>0x584b</run_address>
         <size>0x18c</size>
         <input_file_ref idref="fl-4"/>
      </object_component>
      <object_component id="oc-198">
         <name>.debug_info</name>
         <load_address>0x59d7</load_address>
         <run_address>0x59d7</run_address>
         <size>0x2d0</size>
         <input_file_ref idref="fl-4"/>
      </object_component>
      <object_component id="oc-2fc">
         <name>.debug_info</name>
         <load_address>0x5ca7</load_address>
         <run_address>0x5ca7</run_address>
         <size>0x312</size>
         <input_file_ref idref="fl-5"/>
      </object_component>
      <object_component id="oc-1c9">
         <name>.debug_info</name>
         <load_address>0x5fb9</load_address>
         <run_address>0x5fb9</run_address>
         <size>0x437</size>
         <input_file_ref idref="fl-5"/>
      </object_component>
      <object_component id="oc-3aa">
         <name>.debug_info</name>
         <load_address>0x63f0</load_address>
         <run_address>0x63f0</run_address>
         <size>0x15f</size>
         <input_file_ref idref="fl-5"/>
      </object_component>
      <object_component id="oc-39c">
         <name>.debug_info</name>
         <load_address>0x654f</load_address>
         <run_address>0x654f</run_address>
         <size>0x2c0</size>
         <input_file_ref idref="fl-6"/>
      </object_component>
      <object_component id="oc-2b3">
         <name>.debug_info</name>
         <load_address>0x680f</load_address>
         <run_address>0x680f</run_address>
         <size>0x3b8</size>
         <input_file_ref idref="fl-6"/>
      </object_component>
      <object_component id="oc-445">
         <name>.debug_info</name>
         <load_address>0x6bc7</load_address>
         <run_address>0x6bc7</run_address>
         <size>0x22c</size>
         <input_file_ref idref="fl-6"/>
      </object_component>
      <object_component id="oc-aa">
         <name>.debug_info</name>
         <load_address>0x6df3</load_address>
         <run_address>0x6df3</run_address>
         <size>0x103</size>
         <input_file_ref idref="fl-7"/>
      </object_component>
      <object_component id="oc-39d">
         <name>.debug_info</name>
         <load_address>0x6ef6</load_address>
         <run_address>0x6ef6</run_address>
         <size>0x295</size>
         <input_file_ref idref="fl-8"/>
      </object_component>
      <object_component id="oc-44c">
         <name>.debug_info</name>
         <load_address>0x718b</load_address>
         <run_address>0x718b</run_address>
         <size>0x155</size>
         <input_file_ref idref="fl-8"/>
      </object_component>
      <object_component id="oc-2b8">
         <name>.debug_info</name>
         <load_address>0x72e0</load_address>
         <run_address>0x72e0</run_address>
         <size>0x116</size>
         <input_file_ref idref="fl-8"/>
      </object_component>
      <object_component id="oc-39e">
         <name>.debug_info</name>
         <load_address>0x73f6</load_address>
         <run_address>0x73f6</run_address>
         <size>0x2b2</size>
         <input_file_ref idref="fl-9"/>
      </object_component>
      <object_component id="oc-453">
         <name>.debug_info</name>
         <load_address>0x76a8</load_address>
         <run_address>0x76a8</run_address>
         <size>0x359</size>
         <input_file_ref idref="fl-9"/>
      </object_component>
      <object_component id="oc-2bd">
         <name>.debug_info</name>
         <load_address>0x7a01</load_address>
         <run_address>0x7a01</run_address>
         <size>0x152</size>
         <input_file_ref idref="fl-9"/>
      </object_component>
      <object_component id="oc-39f">
         <name>.debug_info</name>
         <load_address>0x7b53</load_address>
         <run_address>0x7b53</run_address>
         <size>0x296</size>
         <input_file_ref idref="fl-a"/>
      </object_component>
      <object_component id="oc-45a">
         <name>.debug_info</name>
         <load_address>0x7de9</load_address>
         <run_address>0x7de9</run_address>
         <size>0x669</size>
         <input_file_ref idref="fl-a"/>
      </object_component>
      <object_component id="oc-2c2">
         <name>.debug_info</name>
         <load_address>0x8452</load_address>
         <run_address>0x8452</run_address>
         <size>0x22e</size>
         <input_file_ref idref="fl-a"/>
      </object_component>
      <object_component id="oc-ed">
         <name>.debug_info</name>
         <load_address>0x8680</load_address>
         <run_address>0x8680</run_address>
         <size>0x317</size>
         <input_file_ref idref="fl-b"/>
      </object_component>
      <object_component id="oc-83">
         <name>.debug_info</name>
         <load_address>0x8997</load_address>
         <run_address>0x8997</run_address>
         <size>0xb2c</size>
         <input_file_ref idref="fl-b"/>
      </object_component>
      <object_component id="oc-23">
         <name>.debug_info</name>
         <load_address>0x94c3</load_address>
         <run_address>0x94c3</run_address>
         <size>0x18c</size>
         <input_file_ref idref="fl-b"/>
      </object_component>
      <object_component id="oc-17f">
         <name>.debug_info</name>
         <load_address>0x964f</load_address>
         <run_address>0x964f</run_address>
         <size>0x1de</size>
         <input_file_ref idref="fl-b"/>
      </object_component>
      <object_component id="oc-e8">
         <name>.debug_info</name>
         <load_address>0x982d</load_address>
         <run_address>0x982d</run_address>
         <size>0x129</size>
         <input_file_ref idref="fl-b"/>
      </object_component>
      <object_component id="oc-2fd">
         <name>.debug_info</name>
         <load_address>0x9956</load_address>
         <run_address>0x9956</run_address>
         <size>0x2b4</size>
         <input_file_ref idref="fl-c"/>
      </object_component>
      <object_component id="oc-3b1">
         <name>.debug_info</name>
         <load_address>0x9c0a</load_address>
         <run_address>0x9c0a</run_address>
         <size>0xc6d</size>
         <input_file_ref idref="fl-c"/>
      </object_component>
      <object_component id="oc-2c7">
         <name>.debug_info</name>
         <load_address>0xa877</load_address>
         <run_address>0xa877</run_address>
         <size>0x396</size>
         <input_file_ref idref="fl-c"/>
      </object_component>
      <object_component id="oc-1d8">
         <name>.debug_info</name>
         <load_address>0xac0d</load_address>
         <run_address>0xac0d</run_address>
         <size>0x508</size>
         <input_file_ref idref="fl-c"/>
      </object_component>
      <object_component id="oc-2f6">
         <name>.debug_info</name>
         <load_address>0xb115</load_address>
         <run_address>0xb115</run_address>
         <size>0x43c</size>
         <input_file_ref idref="fl-c"/>
      </object_component>
      <object_component id="oc-20b">
         <name>.debug_info</name>
         <load_address>0xb551</load_address>
         <run_address>0xb551</run_address>
         <size>0x2cf</size>
         <input_file_ref idref="fl-d"/>
      </object_component>
      <object_component id="oc-11f">
         <name>.debug_info</name>
         <load_address>0xb820</load_address>
         <run_address>0xb820</run_address>
         <size>0x6e4</size>
         <input_file_ref idref="fl-d"/>
      </object_component>
      <object_component id="oc-2c">
         <name>.debug_info</name>
         <load_address>0xbf04</load_address>
         <run_address>0xbf04</run_address>
         <size>0x174</size>
         <input_file_ref idref="fl-d"/>
      </object_component>
      <object_component id="oc-22c">
         <name>.debug_info</name>
         <load_address>0xc078</load_address>
         <run_address>0xc078</run_address>
         <size>0x2f0</size>
         <input_file_ref idref="fl-e"/>
      </object_component>
      <object_component id="oc-226">
         <name>.debug_info</name>
         <load_address>0xc368</load_address>
         <run_address>0xc368</run_address>
         <size>0xef</size>
         <input_file_ref idref="fl-e"/>
      </object_component>
      <object_component id="oc-229">
         <name>.debug_info</name>
         <load_address>0xc457</load_address>
         <run_address>0xc457</run_address>
         <size>0xef</size>
         <input_file_ref idref="fl-e"/>
      </object_component>
      <object_component id="oc-220">
         <name>.debug_info</name>
         <load_address>0xc546</load_address>
         <run_address>0xc546</run_address>
         <size>0xe3</size>
         <input_file_ref idref="fl-e"/>
      </object_component>
      <object_component id="oc-223">
         <name>.debug_info</name>
         <load_address>0xc629</load_address>
         <run_address>0xc629</run_address>
         <size>0xe4</size>
         <input_file_ref idref="fl-e"/>
      </object_component>
      <object_component id="oc-132">
         <name>.debug_info</name>
         <load_address>0xc70d</load_address>
         <run_address>0xc70d</run_address>
         <size>0xe3c</size>
         <input_file_ref idref="fl-e"/>
      </object_component>
      <object_component id="oc-1ae">
         <name>.debug_info</name>
         <load_address>0xd549</load_address>
         <run_address>0xd549</run_address>
         <size>0x2c</size>
         <input_file_ref idref="fl-e"/>
      </object_component>
      <object_component id="oc-3a0">
         <name>.debug_info</name>
         <load_address>0xd575</load_address>
         <run_address>0xd575</run_address>
         <size>0x2a5</size>
         <input_file_ref idref="fl-f"/>
      </object_component>
      <object_component id="oc-2cc">
         <name>.debug_info</name>
         <load_address>0xd81a</load_address>
         <run_address>0xd81a</run_address>
         <size>0x2e2</size>
         <input_file_ref idref="fl-f"/>
      </object_component>
      <object_component id="oc-461">
         <name>.debug_info</name>
         <load_address>0xdafc</load_address>
         <run_address>0xdafc</run_address>
         <size>0x34f</size>
         <input_file_ref idref="fl-f"/>
      </object_component>
      <object_component id="oc-2fb">
         <name>.debug_info</name>
         <load_address>0xde4b</load_address>
         <run_address>0xde4b</run_address>
         <size>0x2fb</size>
         <input_file_ref idref="fl-11"/>
      </object_component>
      <object_component id="oc-1bf">
         <name>.debug_info</name>
         <load_address>0xe146</load_address>
         <run_address>0xe146</run_address>
         <size>0x4de</size>
         <input_file_ref idref="fl-11"/>
      </object_component>
      <object_component id="oc-3a3">
         <name>.debug_info</name>
         <load_address>0xe624</load_address>
         <run_address>0xe624</run_address>
         <size>0x44e</size>
         <input_file_ref idref="fl-11"/>
      </object_component>
      <object_component id="oc-161">
         <name>.debug_info</name>
         <load_address>0xea72</load_address>
         <run_address>0xea72</run_address>
         <size>0x795</size>
         <input_file_ref idref="fl-12"/>
      </object_component>
      <object_component id="oc-92">
         <name>.debug_info</name>
         <load_address>0xf207</load_address>
         <run_address>0xf207</run_address>
         <size>0x1549</size>
         <input_file_ref idref="fl-12"/>
      </object_component>
      <object_component id="oc-1c4">
         <name>.debug_info</name>
         <load_address>0x10750</load_address>
         <run_address>0x10750</run_address>
         <size>0x3ce</size>
         <input_file_ref idref="fl-12"/>
      </object_component>
      <object_component id="oc-2ae">
         <name>.debug_info</name>
         <load_address>0x10b1e</load_address>
         <run_address>0x10b1e</run_address>
         <size>0x7cd</size>
         <input_file_ref idref="fl-12"/>
      </object_component>
      <object_component id="oc-167">
         <name>.debug_info</name>
         <load_address>0x112eb</load_address>
         <run_address>0x112eb</run_address>
         <size>0x673</size>
         <input_file_ref idref="fl-12"/>
      </object_component>
      <object_component id="oc-1f4">
         <name>.debug_info</name>
         <load_address>0x1195e</load_address>
         <run_address>0x1195e</run_address>
         <size>0x37b</size>
         <input_file_ref idref="fl-12"/>
      </object_component>
      <object_component id="oc-1ce">
         <name>.debug_info</name>
         <load_address>0x11cd9</load_address>
         <run_address>0x11cd9</run_address>
         <size>0x1ca</size>
         <input_file_ref idref="fl-12"/>
      </object_component>
      <object_component id="oc-184">
         <name>.debug_info</name>
         <load_address>0x11ea3</load_address>
         <run_address>0x11ea3</run_address>
         <size>0x435</size>
         <input_file_ref idref="fl-12"/>
      </object_component>
      <object_component id="oc-1e7">
         <name>.debug_info</name>
         <load_address>0x122d8</load_address>
         <run_address>0x122d8</run_address>
         <size>0x551</size>
         <input_file_ref idref="fl-12"/>
      </object_component>
      <object_component id="oc-1dd">
         <name>.debug_info</name>
         <load_address>0x12829</load_address>
         <run_address>0x12829</run_address>
         <size>0x1de</size>
         <input_file_ref idref="fl-12"/>
      </object_component>
      <object_component id="oc-2d1">
         <name>.debug_info</name>
         <load_address>0x12a07</load_address>
         <run_address>0x12a07</run_address>
         <size>0x26c</size>
         <input_file_ref idref="fl-12"/>
      </object_component>
      <object_component id="oc-1ec">
         <name>.debug_info</name>
         <load_address>0x12c73</load_address>
         <run_address>0x12c73</run_address>
         <size>0x17a</size>
         <input_file_ref idref="fl-12"/>
      </object_component>
      <object_component id="oc-18e">
         <name>.debug_info</name>
         <load_address>0x12ded</load_address>
         <run_address>0x12ded</run_address>
         <size>0x6a6</size>
         <input_file_ref idref="fl-12"/>
      </object_component>
      <object_component id="oc-193">
         <name>.debug_info</name>
         <load_address>0x13493</load_address>
         <run_address>0x13493</run_address>
         <size>0x13e</size>
         <input_file_ref idref="fl-12"/>
      </object_component>
      <object_component id="oc-53">
         <name>.debug_info</name>
         <load_address>0x135d1</load_address>
         <run_address>0x135d1</run_address>
         <size>0x84</size>
         <input_file_ref idref="fl-13"/>
      </object_component>
      <object_component id="oc-39b">
         <name>.debug_info</name>
         <load_address>0x13655</load_address>
         <run_address>0x13655</run_address>
         <size>0x67d</size>
         <input_file_ref idref="fl-14"/>
      </object_component>
      <object_component id="oc-335">
         <name>.debug_info</name>
         <load_address>0x13cd2</load_address>
         <run_address>0x13cd2</run_address>
         <size>0x147b</size>
         <input_file_ref idref="fl-14"/>
      </object_component>
      <object_component id="oc-28a">
         <name>.debug_info</name>
         <load_address>0x1514d</load_address>
         <run_address>0x1514d</run_address>
         <size>0x110</size>
         <input_file_ref idref="fl-14"/>
      </object_component>
      <object_component id="oc-33c">
         <name>.debug_info</name>
         <load_address>0x1525d</load_address>
         <run_address>0x1525d</run_address>
         <size>0x39</size>
         <input_file_ref idref="fl-14"/>
      </object_component>
      <object_component id="oc-43e">
         <name>.debug_info</name>
         <load_address>0x15296</load_address>
         <run_address>0x15296</run_address>
         <size>0x62</size>
         <input_file_ref idref="fl-14"/>
      </object_component>
      <object_component id="oc-371">
         <name>.debug_info</name>
         <load_address>0x152f8</load_address>
         <run_address>0x152f8</run_address>
         <size>0x425</size>
         <input_file_ref idref="fl-15"/>
      </object_component>
      <object_component id="oc-426">
         <name>.debug_info</name>
         <load_address>0x1571d</load_address>
         <run_address>0x1571d</run_address>
         <size>0xdd</size>
         <input_file_ref idref="fl-15"/>
      </object_component>
      <object_component id="oc-36e">
         <name>.debug_info</name>
         <load_address>0x157fa</load_address>
         <run_address>0x157fa</run_address>
         <size>0xdd</size>
         <input_file_ref idref="fl-15"/>
      </object_component>
      <object_component id="oc-36b">
         <name>.debug_info</name>
         <load_address>0x158d7</load_address>
         <run_address>0x158d7</run_address>
         <size>0x191</size>
         <input_file_ref idref="fl-15"/>
      </object_component>
      <object_component id="oc-253">
         <name>.debug_info</name>
         <load_address>0x15a68</load_address>
         <run_address>0x15a68</run_address>
         <size>0x53a</size>
         <input_file_ref idref="fl-15"/>
      </object_component>
      <object_component id="oc-365">
         <name>.debug_info</name>
         <load_address>0x15fa2</load_address>
         <run_address>0x15fa2</run_address>
         <size>0x2b4</size>
         <input_file_ref idref="fl-15"/>
      </object_component>
      <object_component id="oc-42d">
         <name>.debug_info</name>
         <load_address>0x16256</load_address>
         <run_address>0x16256</run_address>
         <size>0x62</size>
         <input_file_ref idref="fl-15"/>
      </object_component>
      <object_component id="oc-373">
         <name>.debug_info</name>
         <load_address>0x162b8</load_address>
         <run_address>0x162b8</run_address>
         <size>0x360</size>
         <input_file_ref idref="fl-16"/>
      </object_component>
      <object_component id="oc-259">
         <name>.debug_info</name>
         <load_address>0x16618</load_address>
         <run_address>0x16618</run_address>
         <size>0x4bb</size>
         <input_file_ref idref="fl-16"/>
      </object_component>
      <object_component id="oc-33b">
         <name>.debug_info</name>
         <load_address>0x16ad3</load_address>
         <run_address>0x16ad3</run_address>
         <size>0xe2c</size>
         <input_file_ref idref="fl-17"/>
      </object_component>
      <object_component id="oc-234">
         <name>.debug_info</name>
         <load_address>0x178ff</load_address>
         <run_address>0x178ff</run_address>
         <size>0x3b15</size>
         <input_file_ref idref="fl-17"/>
      </object_component>
      <object_component id="oc-37b">
         <name>.debug_info</name>
         <load_address>0x1b414</load_address>
         <run_address>0x1b414</run_address>
         <size>0x478</size>
         <input_file_ref idref="fl-18"/>
      </object_component>
      <object_component id="oc-175">
         <name>.debug_info</name>
         <load_address>0x1b88c</load_address>
         <run_address>0x1b88c</run_address>
         <size>0x12b</size>
         <input_file_ref idref="fl-18"/>
      </object_component>
      <object_component id="oc-25f">
         <name>.debug_info</name>
         <load_address>0x1b9b7</load_address>
         <run_address>0x1b9b7</run_address>
         <size>0x5bf</size>
         <input_file_ref idref="fl-18"/>
      </object_component>
      <object_component id="oc-376">
         <name>.debug_info</name>
         <load_address>0x1bf76</load_address>
         <run_address>0x1bf76</run_address>
         <size>0x364</size>
         <input_file_ref idref="fl-18"/>
      </object_component>
      <object_component id="oc-9e">
         <name>.debug_info</name>
         <load_address>0x1c2da</load_address>
         <run_address>0x1c2da</run_address>
         <size>0x4e4</size>
         <input_file_ref idref="fl-19"/>
      </object_component>
      <object_component id="oc-289">
         <name>.debug_info</name>
         <load_address>0x1c7be</load_address>
         <run_address>0x1c7be</run_address>
         <size>0x6d7</size>
         <input_file_ref idref="fl-1a"/>
      </object_component>
      <object_component id="oc-155">
         <name>.debug_info</name>
         <load_address>0x1ce95</load_address>
         <run_address>0x1ce95</run_address>
         <size>0x2401</size>
         <input_file_ref idref="fl-1a"/>
      </object_component>
      <object_component id="oc-396">
         <name>.debug_info</name>
         <load_address>0x1f296</load_address>
         <run_address>0x1f296</run_address>
         <size>0x155</size>
         <input_file_ref idref="fl-1a"/>
      </object_component>
      <object_component id="oc-26e">
         <name>.debug_info</name>
         <load_address>0x1f3eb</load_address>
         <run_address>0x1f3eb</run_address>
         <size>0x84e</size>
         <input_file_ref idref="fl-1b"/>
      </object_component>
      <object_component id="oc-172">
         <name>.debug_info</name>
         <load_address>0x1fc39</load_address>
         <run_address>0x1fc39</run_address>
         <size>0x34e</size>
         <input_file_ref idref="fl-1b"/>
      </object_component>
      <object_component id="oc-26b">
         <name>.debug_info</name>
         <load_address>0x1ff87</load_address>
         <run_address>0x1ff87</run_address>
         <size>0x27a</size>
         <input_file_ref idref="fl-1b"/>
      </object_component>
      <object_component id="oc-13d">
         <name>.debug_info</name>
         <load_address>0x20201</load_address>
         <run_address>0x20201</run_address>
         <size>0x4b8e</size>
         <input_file_ref idref="fl-1b"/>
      </object_component>
      <object_component id="oc-266">
         <name>.debug_info</name>
         <load_address>0x24d8f</load_address>
         <run_address>0x24d8f</run_address>
         <size>0x3fc</size>
         <input_file_ref idref="fl-1b"/>
      </object_component>
      <object_component id="oc-381">
         <name>.debug_info</name>
         <load_address>0x2518b</load_address>
         <run_address>0x2518b</run_address>
         <size>0x14e</size>
         <input_file_ref idref="fl-1b"/>
      </object_component>
      <object_component id="oc-1b7">
         <name>.debug_info</name>
         <load_address>0x252d9</load_address>
         <run_address>0x252d9</run_address>
         <size>0x281</size>
         <input_file_ref idref="fl-1d"/>
      </object_component>
      <object_component id="oc-d9">
         <name>.debug_info</name>
         <load_address>0x2555a</load_address>
         <run_address>0x2555a</run_address>
         <size>0x1ea</size>
         <input_file_ref idref="fl-1d"/>
      </object_component>
      <object_component id="oc-1a4">
         <name>.debug_info</name>
         <load_address>0x25744</load_address>
         <run_address>0x25744</run_address>
         <size>0x31c</size>
         <input_file_ref idref="fl-1e"/>
      </object_component>
      <object_component id="oc-a6">
         <name>.debug_info</name>
         <load_address>0x25a60</load_address>
         <run_address>0x25a60</run_address>
         <size>0xeb</size>
         <input_file_ref idref="fl-1e"/>
      </object_component>
      <object_component id="oc-12b">
         <name>.debug_info</name>
         <load_address>0x25b4b</load_address>
         <run_address>0x25b4b</run_address>
         <size>0xd06</size>
         <input_file_ref idref="fl-1e"/>
      </object_component>
      <object_component id="oc-31">
         <name>.debug_info</name>
         <load_address>0x26851</load_address>
         <run_address>0x26851</run_address>
         <size>0x21e</size>
         <input_file_ref idref="fl-1e"/>
      </object_component>
      <object_component id="oc-2e3">
         <name>.debug_info</name>
         <load_address>0x26a6f</load_address>
         <run_address>0x26a6f</run_address>
         <size>0x91</size>
         <input_file_ref idref="fl-1e"/>
      </object_component>
      <object_component id="oc-71">
         <name>.debug_info</name>
         <load_address>0x26b00</load_address>
         <run_address>0x26b00</run_address>
         <size>0x7f8</size>
         <input_file_ref idref="fl-20"/>
      </object_component>
      <object_component id="oc-39">
         <name>.debug_info</name>
         <load_address>0x272f8</load_address>
         <run_address>0x272f8</run_address>
         <size>0x10b</size>
         <input_file_ref idref="fl-22"/>
      </object_component>
      <object_component id="oc-163">
         <name>.debug_info</name>
         <load_address>0x27403</load_address>
         <run_address>0x27403</run_address>
         <size>0x5f5</size>
         <input_file_ref idref="fl-23"/>
      </object_component>
      <object_component id="oc-89">
         <name>.debug_info</name>
         <load_address>0x279f8</load_address>
         <run_address>0x279f8</run_address>
         <size>0x1d3</size>
         <input_file_ref idref="fl-23"/>
      </object_component>
      <object_component id="oc-2fe">
         <name>.debug_info</name>
         <load_address>0x27bcb</load_address>
         <run_address>0x27bcb</run_address>
         <size>0x2a0</size>
         <input_file_ref idref="fl-25"/>
      </object_component>
      <object_component id="oc-3b8">
         <name>.debug_info</name>
         <load_address>0x27e6b</load_address>
         <run_address>0x27e6b</run_address>
         <size>0x242</size>
         <input_file_ref idref="fl-25"/>
      </object_component>
      <object_component id="oc-1e2">
         <name>.debug_info</name>
         <load_address>0x280ad</load_address>
         <run_address>0x280ad</run_address>
         <size>0x2af</size>
         <input_file_ref idref="fl-25"/>
      </object_component>
      <object_component id="oc-3e">
         <name>.debug_info</name>
         <load_address>0x2835c</load_address>
         <run_address>0x2835c</run_address>
         <size>0x13d</size>
         <input_file_ref idref="fl-26"/>
      </object_component>
      <object_component id="oc-e1">
         <name>.debug_info</name>
         <load_address>0x28499</load_address>
         <run_address>0x28499</run_address>
         <size>0x36a</size>
         <input_file_ref idref="fl-28"/>
      </object_component>
      <object_component id="oc-e6">
         <name>.debug_info</name>
         <load_address>0x28803</load_address>
         <run_address>0x28803</run_address>
         <size>0x670</size>
         <input_file_ref idref="fl-29"/>
      </object_component>
      <object_component id="oc-7c">
         <name>.debug_info</name>
         <load_address>0x28e73</load_address>
         <run_address>0x28e73</run_address>
         <size>0x2e8f</size>
         <input_file_ref idref="fl-29"/>
      </object_component>
      <object_component id="oc-1d">
         <name>.debug_info</name>
         <load_address>0x2bd02</load_address>
         <run_address>0x2bd02</run_address>
         <size>0x5a8</size>
         <input_file_ref idref="fl-2a"/>
      </object_component>
      <object_component id="oc-a3">
         <name>.debug_info</name>
         <load_address>0x2c2aa</load_address>
         <run_address>0x2c2aa</run_address>
         <size>0x50a</size>
         <input_file_ref idref="fl-2b"/>
      </object_component>
      <object_component id="oc-28">
         <name>.debug_info</name>
         <load_address>0x2c7b4</load_address>
         <run_address>0x2c7b4</run_address>
         <size>0xe5</size>
         <input_file_ref idref="fl-2b"/>
      </object_component>
      <object_component id="oc-44">
         <name>.debug_info</name>
         <load_address>0x2c899</load_address>
         <run_address>0x2c899</run_address>
         <size>0x477</size>
         <input_file_ref idref="fl-2b"/>
      </object_component>
      <object_component id="oc-48">
         <name>.debug_info</name>
         <load_address>0x2cd10</load_address>
         <run_address>0x2cd10</run_address>
         <size>0x200</size>
         <input_file_ref idref="fl-2b"/>
      </object_component>
      <object_component id="oc-19d">
         <name>.debug_info</name>
         <load_address>0x2cf10</load_address>
         <run_address>0x2cf10</run_address>
         <size>0x4f</size>
         <input_file_ref idref="fl-2b"/>
      </object_component>
      <object_component id="oc-df">
         <name>.debug_info</name>
         <load_address>0x2cf5f</load_address>
         <run_address>0x2cf5f</run_address>
         <size>0x51d</size>
         <input_file_ref idref="fl-2c"/>
      </object_component>
      <object_component id="oc-78">
         <name>.debug_info</name>
         <load_address>0x2d47c</load_address>
         <run_address>0x2d47c</run_address>
         <size>0x736</size>
         <input_file_ref idref="fl-2c"/>
      </object_component>
      <object_component id="oc-323">
         <name>.debug_info</name>
         <load_address>0x2dbb2</load_address>
         <run_address>0x2dbb2</run_address>
         <size>0x284</size>
         <input_file_ref idref="fl-31"/>
      </object_component>
      <object_component id="oc-215">
         <name>.debug_info</name>
         <load_address>0x2de36</load_address>
         <run_address>0x2de36</run_address>
         <size>0x195</size>
         <input_file_ref idref="fl-31"/>
      </object_component>
      <object_component id="oc-3c9">
         <name>.debug_info</name>
         <load_address>0x2dfcb</load_address>
         <run_address>0x2dfcb</run_address>
         <size>0x46</size>
         <input_file_ref idref="fl-31"/>
      </object_component>
      <object_component id="oc-31e">
         <name>.debug_info</name>
         <load_address>0x2e011</load_address>
         <run_address>0x2e011</run_address>
         <size>0x39</size>
         <input_file_ref idref="fl-31"/>
      </object_component>
      <object_component id="oc-d2">
         <name>.debug_info</name>
         <load_address>0x2e04a</load_address>
         <run_address>0x2e04a</run_address>
         <size>0x13f</size>
         <input_file_ref idref="fl-32"/>
      </object_component>
      <object_component id="oc-21c">
         <name>.debug_info</name>
         <load_address>0x2e189</load_address>
         <run_address>0x2e189</run_address>
         <size>0x149</size>
         <input_file_ref idref="fl-33"/>
      </object_component>
      <object_component id="oc-5a">
         <name>.debug_info</name>
         <load_address>0x2e2d2</load_address>
         <run_address>0x2e2d2</run_address>
         <size>0x111</size>
         <input_file_ref idref="fl-34"/>
      </object_component>
      <object_component id="oc-1fc">
         <name>.debug_info</name>
         <load_address>0x2e3e3</load_address>
         <run_address>0x2e3e3</run_address>
         <size>0x547</size>
         <input_file_ref idref="fl-35"/>
      </object_component>
      <object_component id="oc-ef">
         <name>.debug_info</name>
         <load_address>0x2e92a</load_address>
         <run_address>0x2e92a</run_address>
         <size>0x19b</size>
         <input_file_ref idref="fl-35"/>
      </object_component>
      <object_component id="oc-301">
         <name>.debug_info</name>
         <load_address>0x2eac5</load_address>
         <run_address>0x2eac5</run_address>
         <size>0x39</size>
         <input_file_ref idref="fl-35"/>
      </object_component>
[...]
      <symbol id="sm-a6d">
         <name>_pmuResetEventCounters_</name>
         <value>0x136ec</value>
         <object_component_ref idref="oc-e0"/>
      </symbol>
      <symbol id="sm-a6e">
         <name>_pmuStopCounters_</name>
         <value>0x13714</value>
         <object_component_ref idref="oc-e0"/>
      </symbol>
      <symbol id="sm-a6f">
         <name>_pmuInit_</name>
         <value>0x13670</value>
         <object_component_ref idref="oc-e0"/>
      </symbol>
      <symbol id="sm-a70">
         <name>_pmuGetOverflow_</name>
         <value>0x1373c</value>
         <object_component_ref idref="oc-e0"/>
      </symbol>
      <symbol id="sm-a71">
         <name>_pmuResetCycleCounter_</name>
         <value>0x136dc</value>
         <object_component_ref idref="oc-e0"/>
      </symbol>
      <symbol id="sm-a72">
         <name>_pmuSetCountEvent_</name>
         <value>0x1371c</value>
         <object_component_ref idref="oc-e0"/>
      </symbol>
      <symbol id="sm-a73">
         <name>_pmuGetCycleCount_</name>
         <value>0x13728</value>
         <object_component_ref idref="oc-e0"/>
      </symbol>
      <symbol id="sm-a74">
         <name>_pmuEnableCountersGlobal_</name>
         <value>0x136bc</value>
         <object_component_ref idref="oc-e0"/>
      </symbol>
      <symbol id="sm-a75">
         <name>_pmuDisableCountersGlobal_</name>
         <value>0x136cc</value>
         <object_component_ref idref="oc-e0"/>
      </symbol>
      <symbol id="sm-a76">
         <name>_pmuStartCounters_</name>
         <value>0x1370c</value>
         <object_component_ref idref="oc-e0"/>
      </symbol>
      <symbol id="sm-c36">
         <name>pbistSelfCheck</name>
         <value>0x82cc</value>
         <object_component_ref idref="oc-7b"/>
      </symbol>
      <symbol id="sm-c37">
         <name>fmcBus1ParityCheck</name>
         <value>0xa2c4</value>
         <object_component_ref idref="oc-7b"/>
      </symbol>
      <symbol id="sm-c38">
         <name>can1ParityCheck</name>
         <value>0x9410</value>
         <object_component_ref idref="oc-7b"/>
      </symbol>
      <symbol id="sm-c39">
         <name>enableParity</name>
         <value>0xaad0</value>
         <object_component_ref idref="oc-7b"/>
      </symbol>
      <symbol id="sm-c3a">
         <name>dmaParityCheck</name>
         <value>0x8eac</value>
         <object_component_ref idref="oc-7b"/>
      </symbol>
      <symbol id="sm-c3b">
         <name>custom_dabort</name>
         <value>0x8df4</value>
         <object_component_ref idref="oc-7b"/>
      </symbol>
      <symbol id="sm-c3c">
         <name>memoryInit</name>
         <value>0x8174</value>
         <object_component_ref idref="oc-7b"/>
      </symbol>
      <symbol id="sm-c3d">
         <name>stcSelfCheck</name>
         <value>0x81b8</value>
         <object_component_ref idref="oc-7b"/>
      </symbol>
      <symbol id="sm-c3e">
         <name>efcGetConfigValue</name>
         <value>0xa660</value>
         <object_component_ref idref="oc-7b"/>
      </symbol>
      <symbol id="sm-c3f">
         <name>can2ParityCheck</name>
         <value>0x94e8</value>
         <object_component_ref idref="oc-7b"/>
      </symbol>
      <symbol id="sm-c40">
         <name>het1ParityCheck</name>
         <value>0x8f58</value>
         <object_component_ref idref="oc-7b"/>
      </symbol>
      <symbol id="sm-c41">
         <name>adc1ParityCheck</name>
         <value>0x926c</value>
         <object_component_ref idref="oc-7b"/>
      </symbol>
      <symbol id="sm-c42">
         <name>checkefcSelfTest</name>
         <value>0x87bc</value>
         <object_component_ref idref="oc-7b"/>
      </symbol>
      <symbol id="sm-c43">
         <name>checkRAMECC</name>
         <value>0x99d0</value>
         <object_component_ref idref="oc-7b"/>
      </symbol>
      <symbol id="sm-c44">
         <name>stcSelfCheckFail</name>
         <value>0x8df8</value>
         <object_component_ref idref="oc-7b"/>
      </symbol>
      <symbol id="sm-c45">
         <name>ccmSelfCheck</name>
         <value>0x8030</value>
         <object_component_ref idref="oc-7b"/>
      </symbol>
      <symbol id="sm-c46">
         <name>efcCheck</name>
         <value>0x8660</value>
         <object_component_ref idref="oc-7b"/>
      </symbol>
      <symbol id="sm-c47">
         <name>het2ParityCheck</name>
         <value>0x90c0</value>
         <object_component_ref idref="oc-7b"/>
      </symbol>
      <symbol id="sm-c48">
         <name>adc2ParityCheck</name>
         <value>0x9358</value>
         <object_component_ref idref="oc-7b"/>
      </symbol>
      <symbol id="sm-c49">
         <name>cpuSelfTest</name>
         <value>0x8234</value>
         <object_component_ref idref="oc-7b"/>
      </symbol>
      <symbol id="sm-c4a">
         <name>htu1ParityCheck</name>
         <value>0x9004</value>
         <object_component_ref idref="oc-7b"/>
      </symbol>
      <symbol id="sm-c4b">
         <name>checkFlashECC</name>
         <value>0x8d18</value>
         <object_component_ref idref="oc-7b"/>
      </symbol>
      <symbol id="sm-c4c">
         <name>cpuSelfTestFail</name>
         <value>0x8dfc</value>
         <object_component_ref idref="oc-7b"/>
      </symbol>
      <symbol id="sm-c4d">
         <name>checkPLL1Slip</name>
         <value>0x9e8c</value>
         <object_component_ref idref="oc-7b"/>
      </symbol>
      <symbol id="sm-c4e">
         <name>mibspi1ParityCheck</name>
         <value>0x9684</value>
         <object_component_ref idref="oc-7b"/>
      </symbol>
      <symbol id="sm-c4f">
         <name>ccmr4GetConfigValue</name>
         <value>0xa6fc</value>
         <object_component_ref idref="oc-7b"/>
      </symbol>
      <symbol id="sm-c50">
         <name>htu2ParityCheck</name>
         <value>0x91bc</value>
         <object_component_ref idref="oc-7b"/>
      </symbol>
      <symbol id="sm-c51">
         <name>pbistPortTestStatus</name>
         <value>0x8608</value>
         <object_component_ref idref="oc-7b"/>
      </symbol>
      <symbol id="sm-c52">
         <name>checkFlashEEPROMECC</name>
         <value>0x9cf4</value>
         <object_component_ref idref="oc-7b"/>
      </symbol>
      <symbol id="sm-c53">
         <name>pbistGetConfigValue</name>
         <value>0xa470</value>
         <object_component_ref idref="oc-7b"/>
      </symbol>
      <symbol id="sm-c54">
         <name>vimParityCheck</name>
         <value>0x8e00</value>
         <object_component_ref idref="oc-7b"/>
      </symbol>
      <symbol id="sm-c55">
         <name>pbistIsTestCompleted</name>
         <value>0x85a8</value>
         <object_component_ref idref="oc-7b"/>
      </symbol>
      <symbol id="sm-c56">
         <name>disableParity</name>
         <value>0xab58</value>
         <object_component_ref idref="oc-7b"/>
      </symbol>
      <symbol id="sm-c57">
         <name>pbistRun</name>
         <value>0x84ac</value>
         <object_component_ref idref="oc-7b"/>
      </symbol>
      <symbol id="sm-c58">
         <name>pbistFail</name>
         <value>0xa3ec</value>
         <object_component_ref idref="oc-7b"/>
      </symbol>
      <symbol id="sm-c59">
         <name>selftestFailNotification</name>
         <value>0x8020</value>
         <object_component_ref idref="oc-7b"/>
      </symbol>
      <symbol id="sm-c5a">
         <name>errata_PBIST_4</name>
         <value>0xa76c</value>
         <object_component_ref idref="oc-7b"/>
      </symbol>
      <symbol id="sm-c5b">
         <name>mibspi3ParityCheck</name>
         <value>0x978c</value>
         <object_component_ref idref="oc-7b"/>
      </symbol>
      <symbol id="sm-c5c">
         <name>efcSelfTest</name>
         <value>0x8794</value>
         <object_component_ref idref="oc-7b"/>
      </symbol>
      <symbol id="sm-c5d">
         <name>checkB1RAMECC</name>
         <value>0x8b28</value>
         <object_component_ref idref="oc-7b"/>
      </symbol>
      <symbol id="sm-c5e">
         <name>pbistStop</name>
         <value>0x8578</value>
         <object_component_ref idref="oc-7b"/>
      </symbol>
      <symbol id="sm-c5f">
         <name>can3ParityCheck</name>
         <value>0x95b0</value>
         <object_component_ref idref="oc-7b"/>
      </symbol>
      <symbol id="sm-c60">
         <name>checkRAMAddrParity</name>
         <value>0xa050</value>
         <object_component_ref idref="oc-7b"/>
      </symbol>
      <symbol id="sm-c61">
         <name>mibspi5ParityCheck</name>
         <value>0x98b0</value>
         <object_component_ref idref="oc-7b"/>
      </symbol>
      <symbol id="sm-c62">
         <name>checkB0RAMECC</name>
         <value>0x8938</value>
         <object_component_ref idref="oc-7b"/>
      </symbol>
      <symbol id="sm-c63">
         <name>stcGetConfigValue</name>
         <value>0xa5bc</value>
         <object_component_ref idref="oc-7b"/>
      </symbol>
      <symbol id="sm-c64">
         <name>pbistIsTestPassed</name>
         <value>0x85d4</value>
         <object_component_ref idref="oc-7b"/>
      </symbol>
      <symbol id="sm-c65">
         <name>checkClockMonitor</name>
         <value>0x9c18</value>
         <object_component_ref idref="oc-7b"/>
      </symbol>
      <symbol id="sm-c66">
         <name>fmcECCcheck</name>
         <value>0x8898</value>
         <object_component_ref idref="oc-7b"/>
      </symbol>
      <symbol id="sm-c67">
         <name>fmcBus2Check</name>
         <value>0x885c</value>
         <object_component_ref idref="oc-7b"/>
      </symbol>
      <symbol id="sm-c68">
         <name>checkRAMUERRTest</name>
         <value>0xa15c</value>
         <object_component_ref idref="oc-7b"/>
      </symbol>
      <symbol id="sm-c69">
         <name>efcStuckZeroTest</name>
         <value>0x86e8</value>
         <object_component_ref idref="oc-7b"/>
      </symbol>
      <symbol id="sm-c6a">
         <name>checkPLL2Slip</name>
         <value>0x9f8c</value>
         <object_component_ref idref="oc-7b"/>
      </symbol>
      <symbol id="sm-c92">
         <name>_c_int00</name>
         <value>0x12070</value>
         <object_component_ref idref="oc-1b"/>
      </symbol>
      <symbol id="sm-d42">
         <name>vimChannelMap</name>
         <value>0xd368</value>
         <object_component_ref idref="oc-42"/>
      </symbol>
      <symbol id="sm-d43">
         <name>vimInit</name>
         <value>0xd294</value>
         <object_component_ref idref="oc-42"/>
      </symbol>
      <symbol id="sm-d44">
         <name>vimEnableInterrupt</name>
         <value>0xd40c</value>
         <object_component_ref idref="oc-42"/>
      </symbol>
      <symbol id="sm-d45">
         <name>vimDisableInterrupt</name>
         <value>0xd5d4</value>
         <object_component_ref idref="oc-42"/>
      </symbol>
      <symbol id="sm-d46">
         <name>vimGetConfigValue</name>
         <value>0xd680</value>
         <object_component_ref idref="oc-42"/>
      </symbol>
      <symbol id="sm-d47">
         <name>vimParityErrorHandler</name>
         <value>0x1182c</value>
         <object_component_ref idref="oc-41"/>
      </symbol>
      <symbol id="sm-da1">
         <name>systemGetConfigValue</name>
         <value>0xcacc</value>
         <object_component_ref idref="oc-75"/>
      </symbol>
      <symbol id="sm-da2">
         <name>trimLPO</name>
         <value>0xc7cc</value>
         <object_component_ref idref="oc-75"/>
      </symbol>
      <symbol id="sm-da3">
         <name>systemInit</name>
         <value>0xc9d0</value>
         <object_component_ref idref="oc-75"/>
      </symbol>
      <symbol id="sm-da4">
         <name>tcmflashGetConfigValue</name>
         <value>0xcee0</value>
         <object_component_ref idref="oc-75"/>
      </symbol>
      <symbol id="sm-da5">
         <name>sramGetConfigValue</name>
         <value>0xd08c</value>
         <object_component_ref idref="oc-75"/>
      </symbol>
      <symbol id="sm-da6">
         <name>periphInit</name>
         <value>0xc854</value>
         <object_component_ref idref="oc-75"/>
      </symbol>
      <symbol id="sm-da7">
         <name>setupFlash</name>
         <value>0xc814</value>
         <object_component_ref idref="oc-75"/>
      </symbol>
      <symbol id="sm-da8">
         <name>setupPLL</name>
         <value>0xc76c</value>
         <object_component_ref idref="oc-75"/>
      </symbol>
      <symbol id="sm-da9">
         <name>mapClocks</name>
         <value>0xc8a8</value>
         <object_component_ref idref="oc-75"/>
      </symbol>
      <symbol id="sm-daa">
         <name>systemPowerDown</name>
         <value>0xca9c</value>
         <object_component_ref idref="oc-75"/>
      </symbol>
      <symbol id="sm-dd0">
         <name>floorl</name>
         <value>0x13591</value>
         <object_component_ref idref="oc-213"/>
      </symbol>
      <symbol id="sm-dd1">
         <name>floor</name>
         <value>0x13591</value>
         <object_component_ref idref="oc-213"/>
      </symbol>
      <symbol id="sm-de0">
         <name>__aeabi_memset</name>
         <value>0x139b1</value>
         <object_component_ref idref="oc-d1"/>
      </symbol>
      <symbol id="sm-de1">
         <name>memset</name>
         <value>0x139b7</value>
         <object_component_ref idref="oc-d1"/>
      </symbol>
      <symbol id="sm-de2">
         <name>__aeabi_memset8</name>
         <value>0x139b1</value>
         <object_component_ref idref="oc-d1"/>
      </symbol>
      <symbol id="sm-de3">
         <name>__aeabi_memset4</name>
         <value>0x139b1</value>
         <object_component_ref idref="oc-d1"/>
      </symbol>
      <symbol id="sm-de4">
         <name>__aeabi_memclr8</name>
         <value>0x139af</value>
         <object_component_ref idref="oc-d1"/>
      </symbol>
      <symbol id="sm-de5">
         <name>__aeabi_memclr4</name>
         <value>0x139af</value>
         <object_component_ref idref="oc-d1"/>
      </symbol>
      <symbol id="sm-de6">
         <name>__aeabi_memclr</name>
         <value>0x139af</value>
         <object_component_ref idref="oc-d1"/>
      </symbol>
      <symbol id="sm-df2">
         <name>__aeabi_uidivmod</name>
         <value>0x13cb4</value>
         <object_component_ref idref="oc-21a"/>
      </symbol>
      <symbol id="sm-df3">
         <name>__aeabi_uidiv</name>
         <value>0x13cb4</value>
         <object_component_ref idref="oc-21a"/>
      </symbol>
      <symbol id="sm-e0e">
         <name>memcpy</name>
         <value>0x137ff</value>
         <object_component_ref idref="oc-58"/>
      </symbol>
      <symbol id="sm-e0f">
         <name>__aeabi_memcpy</name>
         <value>0x137ff</value>
         <object_component_ref idref="oc-58"/>
      </symbol>
      <symbol id="sm-e10">
         <name>__aeabi_memcpy8</name>
         <value>0x137ff</value>
         <object_component_ref idref="oc-58"/>
      </symbol>
      <symbol id="sm-e11">
         <name>__aeabi_memcpy4</name>
         <value>0x137ff</value>
         <object_component_ref idref="oc-58"/>
      </symbol>
      <symbol id="sm-e39">
         <name>__TI_auto_init_nobinit_nopinit</name>
         <value>0x13d05</value>
         <object_component_ref idref="oc-ee"/>
      </symbol>
      <symbol id="sm-e4c">
         <name>__TI_zero_init</name>
         <value>0x13e63</value>
         <object_component_ref idref="oc-6a"/>
      </symbol>
      <symbol id="sm-e63">
         <name>__TI_decompress_none</name>
         <value>0x13e55</value>
         <object_component_ref idref="oc-14"/>
      </symbol>
      <symbol id="sm-e86">
         <name>__TI_decompress_lzss</name>
         <value>0x13a9d</value>
         <object_component_ref idref="oc-e"/>
      </symbol>
      <symbol id="sm-e91">
         <name>C$$EXIT</name>
         <value>0x13e81</value>
         <object_component_ref idref="oc-148"/>
      </symbol>
      <symbol id="sm-e92">
         <name>abort</name>
         <value>0x13e81</value>
         <object_component_ref idref="oc-148"/>
      </symbol>
      <symbol id="sm-eba">
         <name>sprintf</name>
         <value>0x13d89</value>
         <object_component_ref idref="oc-23e"/>
      </symbol>
      <symbol id="sm-ec8">
         <name>strlen</name>
         <value>0x13e2d</value>
         <object_component_ref idref="oc-244"/>
      </symbol>
      <symbol id="sm-ed2">
         <name>__aeabi_idiv0</name>
         <value>0xf153</value>
         <object_component_ref idref="oc-324"/>
      </symbol>
      <symbol id="sm-ed3">
         <name>__aeabi_ldiv0</name>
         <value>0xf153</value>
         <object_component_ref idref="oc-324"/>
      </symbol>
      <symbol id="sm-102c">
         <name>__TI_printfi</name>
         <value>0xe721</value>
         <object_component_ref idref="oc-349"/>
      </symbol>
      <symbol id="sm-1041">
         <name>atoi</name>
         <value>0x13c65</value>
         <object_component_ref idref="oc-3dd"/>
      </symbol>
      <symbol id="sm-104c">
         <name>_ctypes_</name>
         <value>0x147c8</value>
         <object_component_ref idref="oc-466"/>
      </symbol>
      <symbol id="sm-105b">
         <name>ltoa</name>
         <value>0x13bc1</value>
         <object_component_ref idref="oc-471"/>
      </symbol>
      <symbol id="sm-106b">
         <name>memccpy</name>
         <value>0x13dc9</value>
         <object_component_ref idref="oc-401"/>
      </symbol>
      <symbol id="sm-107b">
         <name>strchr</name>
         <value>0x13e17</value>
         <object_component_ref idref="oc-49e"/>
      </symbol>
      <symbol id="sm-1099">
         <name>frexpl</name>
         <value>0x13a29</value>
         <object_component_ref idref="oc-492"/>
      </symbol>
      <symbol id="sm-109a">
         <name>frexp</name>
         <value>0x13a29</value>
         <object_component_ref idref="oc-492"/>
      </symbol>
      <symbol id="sm-10b7">
         <name>scalbn</name>
         <value>0x133bd</value>
         <object_component_ref idref="oc-498"/>
      </symbol>
      <symbol id="sm-10b8">
         <name>scalbnl</name>
         <value>0x133bd</value>
         <object_component_ref idref="oc-498"/>
      </symbol>
      <symbol id="sm-10b9">
         <name>ldexpl</name>
         <value>0x133bd</value>
         <object_component_ref idref="oc-498"/>
      </symbol>
      <symbol id="sm-10ba">
         <name>ldexp</name>
         <value>0x133bd</value>
         <object_component_ref idref="oc-498"/>
      </symbol>
      <symbol id="sm-10c4">
         <name>copysign</name>
         <value>0x13dff</value>
         <object_component_ref idref="oc-4d9"/>
      </symbol>
      <symbol id="sm-10c5">
         <name>copysignl</name>
         <value>0x13dff</value>
         <object_component_ref idref="oc-4d9"/>
      </symbol>
      <symbol id="sm-10de">
         <name>wcslen</name>
         <value>0x13e43</value>
         <object_component_ref idref="oc-407"/>
      </symbol>
      <symbol id="sm-10fa">
         <name>__aeabi_uldivmod</name>
         <value>0x11db8</value>
         <object_component_ref idref="oc-46b"/>
      </symbol>
      <symbol id="sm-1110">
         <name>__aeabi_errno_addr</name>
         <value>0x13e79</value>
         <object_component_ref idref="oc-40d"/>
      </symbol>
      <symbol id="sm-1111">
         <name>errno</name>
         <value>0x800ade0</value>
         <object_component_ref idref="oc-4ae"/>
      </symbol>
      <symbol id="sm-1112">
         <name>__TI_static_base__</name>
         <value>0x0</value>
      </symbol>
      <symbol id="sm-1116">
         <name>SHT$$INIT_ARRAY$$Base</name>
         <value>0x0</value>
      </symbol>
      <symbol id="sm-1117">
         <name>SHT$$INIT_ARRAY$$Limit</name>
         <value>0x0</value>
      </symbol>
      <symbol id="sm-1118">
         <name>_system_post_cinit</name>
         <value>0x0</value>
      </symbol>
   </symbol_table>
   <title>Link successful</title>
</link_info>
