******************************************************************************
                  TI ARM Linker PC v18.1.2                     
******************************************************************************
>> Linked Mon Jul 16 15:17:17 2018

OUTPUT FILE NAME:   <TMS57_FreeRTOS.out>
ENTRY POINT SYMBOL: "_c_int00"  address: 00012070


MEMORY CONFIGURATION

         name            origin    length      used     unused   attr    fill
----------------------  --------  ---------  --------  --------  ----  --------
  VECTORS               00000000   00000020  00000020  00000000     X
  KERNEL                00000020   00008000  0000523c  00002dc4  R  X
  FLASH0                00008020   00137fe0  0000c91c  0012b6c4  R  X
  STACKS                08000000   00000800  00000000  00000800  RW  
  KRAM                  08000800   00000800  00000104  000006fc  RW  
  RAM                   08001000   0002f000  00009de2  0002521e  RW  


SEGMENT ALLOCATION MAP

run origin  load origin   length   init length attrs members
----------  ----------- ---------- ----------- ----- -------
00000000    00000000    00005260   00005260    r-x
  00000000    00000000    00000020   00000020    r-x .intvecs
  00000020    00000020    000051e4   000051e4    r-x .kernelTEXT
  00005208    00005208    00000058   00000058    r-- .cinit
00008020    00008020    0000c91c   0000c91c    r-x
  00008020    00008020    0000be68   0000be68    r-x .text
  00013e88    00013e88    00000ab4   00000ab4    r-- .const
08000800    08000800    00000104   00000000    rw-
  08000800    08000800    00000104   00000000    rw- .kernelBSS
08001000    08001000    00009de5   00000000    rw-
  08001000    08001000    00007dad   00000000    rw- .bss
  08008dad    08008dad    00002000   00000000    rw- .kernelHEAP
  0800adb0    0800adb0    00000035   00000000    rw- .data


SECTION ALLOCATION MAP

 output                                  attributes/
section   page    origin      length       input sections
--------  ----  ----------  ----------   ----------------
.intvecs   0    00000000    00000020     
                  00000000    00000020     sys_intvecs.obj (.intvecs)

.kernelTEXT 
*          0    00000020    000051e4     
                  00000020    00002bdc     os_tasks.obj (.kernelTEXT)
                  00002bfc    000011dc     os_queue.obj (.kernelTEXT)
                  00003dd8    0000081c     os_event_groups.obj (.kernelTEXT)
                  000045f4    000004b0     os_portasm.obj (.kernelTEXT)
                  00004aa4    000003e0     os_port.obj (.kernelTEXT)
                  00004e84    00000380     os_heap.obj (.kernelTEXT)

.cinit     0    00005208    00000058     
                  00005208    0000000c     (.cinit..data.load) [load image, compression = lzss]
                  00005214    0000000c     (__TI_handler_table)
                  00005220    00000009     (.cinit..kernelBSS.load) [load image, compression = lzss]
                  00005229    00000007     --HOLE-- [fill = 0]
                  00005230    00000008     (.cinit..bss.load) [load image, compression = zero_init]
                  00005238    00000008     (.cinit..kernelHEAP.load) [load image, compression = zero_init]
                  00005240    00000020     (__TI_cinit_table)

.text      0    00008020    0000be68     
                  00008020    00002cdc     sys_selftest.obj (.text)
                  0000acfc    00000ea0     adc.obj (.text)
                  0000bb9c    00000bd0     het.obj (.text)
                  0000c76c    00000b28     system.obj (.text)
                  0000d294    00000a58     sys_vim.obj (.text)
                  0000dcec    00000a34     sci.obj (.text)
                  0000e720    00000a32     rtsv7R4_T_be_v3D16_eabi.lib : _printfi.c.obj (.text:__TI_printfi)
                  0000f152    00000002                                 : div0.asm.obj (.text)
                  0000f154    000009a0     os_mpu_wrappers.obj (.text)
                  0000faf4    000008bc     pinmux.obj (.text)
                  000103b0    000005bc     esm.obj (.text)
                  0001096c    00000484     gio.obj (.text)
                  00010df0    000003d0     RPLIDAR.obj (.text)
                  000111c0    0000034c     sys_core.obj (.text)
                  0001150c    00000320     MyTasks.obj (.text)
                  0001182c    000002cc     sys_vim.obj (.text:retain)
                  00011af8    000002c0     notification.obj (.text)
                  00011db8    000002b8     rtsv7R4_T_be_v3D16_eabi.lib : ull_div32.asm.obj (.text)
                  00012070    0000027c     sys_startup.obj (.text:retain)
                  000122ec    00000278     os_heap.obj (.text)
                  00012564    00000248     rtsv7R4_T_be_v3D16_eabi.lib : _printfi.c.obj (.text:_pconv_a)
                  000127ac    00000238     os_list.obj (.text)
                  000129e4    00000204     sci.obj (.text:retain)
                  00012be8    000001b4     os_port.obj (.text)
                  00012d9c    000001a8     rtsv7R4_T_be_v3D16_eabi.lib : _printfi.c.obj (.text:_pconv_g)
                  00012f44    00000164     os_tasks.obj (.text)
                  000130a8    00000114     esm.obj (.text:retain)
                  000131bc    00000104     rtsv7R4_T_be_v3D16_eabi.lib : _printfi.c.obj (.text:_pconv_e)
                  000132c0    000000fc                                 : _printfi.c.obj (.text:fcvt)
                  000133bc    000000ec                                 : s_scalbn.c.obj (.text:scalbn)
                  000134a8    000000e8     dabort.obj (.text)
                  00013590    000000e0     rtsv7R4_T_be_v3D16_eabi.lib : s_floor.c.obj (.text:floor)
                  00013670    000000e0     sys_pmu.obj (.text)
                  00013750    000000ad     rtsv7R4_T_be_v3D16_eabi.lib : _printfi.c.obj (.text:_ltostr)
                  000137fd    00000001     --HOLE-- [fill = 0]
                  000137fe    0000009c                                 : memcpy_t2.asm.obj (.text)
                  0001389a    00000002     --HOLE-- [fill = 0]
                  0001389c    00000098     gio.obj (.text:retain)
                  00013934    0000007a     rtsv7R4_T_be_v3D16_eabi.lib : _printfi.c.obj (.text:_mcpy)
                  000139ae    0000007a                                 : memset_t2.asm.obj (.text)
                  00013a28    00000074                                 : s_frexp.c.obj (.text:frexp)
                  00013a9c    0000006c                                 : copy_decompress_lzss.c.obj (.text:decompress:lzss:__TI_decompress_lzss)
                  00013b08    00000064     sys_main.obj (.text)
                  00013b6c    00000054     rtsv7R4_T_be_v3D16_eabi.lib : _printfi.c.obj (.text:_ecpy)
                  00013bc0    00000054                                 : ltoa.c.obj (.text:ltoa)
                  00013c14    00000050                                 : _printfi.c.obj (.text:_pconv_f)
                  00013c64    00000050                                 : atoi.c.obj (.text:atoi)
                  00013cb4    00000050                                 : u_div32.asm.obj (.text)
                  00013d04    00000044                                 : autoinit.c.obj (.text:__TI_auto_init_nobinit_nopinit:__TI_auto_init_nobinit_nopinit)
                  00013d48    00000040                                 : _printfi.c.obj (.text:_fcpy)
                  00013d88    00000040                                 : sprintf.c.obj (.text:sprintf)
                  00013dc8    0000001c                                 : memccpy.c.obj (.text:memccpy)
                  00013de4    0000001a                                 : sprintf.c.obj (.text:_outs)
                  00013dfe    00000018                                 : s_copysign.c.obj (.text:copysign)
                  00013e16    00000016                                 : strchr.c.obj (.text:strchr)
                  00013e2c    00000016                                 : strlen.c.obj (.text:strlen)
                  00013e42    00000012                                 : wcslen.c.obj (.text:wcslen)
                  00013e54    0000000e                                 : copy_decompress_none.c.obj (.text:decompress:none:__TI_decompress_none)
                  00013e62    0000000c                                 : copy_zero_init.c.obj (.text:decompress:ZI:__TI_zero_init)
                  00013e6e    0000000a                                 : sprintf.c.obj (.text:_outc)
                  00013e78    00000008                                 : errno.c.obj (.text:__aeabi_errno_addr)
                  00013e80    00000004                                 : exit.c.obj (.text:abort:abort)
                  00013e84    00000004     sys_phantom.obj (.text:retain)

.const     0    00013e88    00000ab4     
                  00013e88    000003a0     het.obj (.const:het1PROGRAM)
                  00014228    000003a0     het.obj (.const:het2PROGRAM)
                  000145c8    00000200     sys_vim.obj (.const:s_vim_init)
                  000147c8    00000101     rtsv7R4_T_be_v3D16_eabi.lib : ctype.c.obj (.const:.string:_ctypes_)
                  000148c9    00000002     RPLIDAR.obj (.const:.string:$P$T0$2)
                  000148cb    00000001     --HOLE-- [fill = 0]
                  000148cc    00000020     het.obj (.const:s_het1pwmPolarity)
                  000148ec    00000020     het.obj (.const:s_het2pwmPolarity)
                  0001490c    00000018     adc.obj (.const:s_adcFiFoSize)
                  00014924    00000018     adc.obj (.const:s_adcSelect)

.kernelBSS 
*          0    08000800    00000104     UNINITIALIZED
                  08000800    000000d0     os_tasks.obj (.kernelBSS:uninit)
                  080008d0    00000034     os_tasks.obj (.kernelBSS:init)

.bss       0    08001000    00007dad     UNINITIALIZED
                  08001000    00007d10     (.common:rplidar)
                  08008d10    00000064     (.common:Buff)
                  08008d74    00000028     sci.obj (.bss:g_sciTransfer_t)
                  08008d9c    00000008     os_heap.obj (.bss:xStart)
                  08008da4    00000004     (.common:vTask1_handle)
                  08008da8    00000004     (.common:vTask2_handle)
                  08008dac    00000001     (.common:UART_rx)

.kernelHEAP 
*          0    08008dad    00002000     UNINITIALIZED
                  08008dad    00002000     os_heap.obj (.kernelHEAP)

.data      0    0800adb0    00000035     UNINITIALIZED
                  0800adb0    00000010     MyTasks.obj (.data)
                  0800adc0    00000010     os_heap.obj (.data)
                  0800add0    00000008     notification.obj (.data)
                  0800add8    00000008     os_port.obj (.data)
                  0800ade0    00000004     rtsv7R4_T_be_v3D16_eabi.lib : errno.c.obj (.data)
                  0800ade4    00000001     RPLIDAR.obj (.data)

MODULE SUMMARY

       Module                       code    ro data   rw data
       ------                       ----    -------   -------
    .\source\
       RPLIDAR.obj                  976     2         32017  
       os_tasks.obj                 11584   0         260    
       sys_selftest.obj             11484   0         0      
       os_heap.obj                  1528    0         8216   
       het.obj                      3024    1920      0      
       os_queue.obj                 4572    0         0      
       sys_vim.obj                  3364    512       0      
       adc.obj                      3744    48        0      
       sci.obj                      3128    0         40     
       system.obj                   2856    0         0      
       os_mpu_wrappers.obj          2464    0         0      
       pinmux.obj                   2236    0         0      
       os_event_groups.obj          2076    0         0      
       esm.obj                      1744    0         0      
       os_port.obj                  1428    0         8      
       gio.obj                      1308    0         0      
       os_portasm.obj               1200    0         0      
       MyTasks.obj                  800     0         125    
       sys_core.obj                 844     0         0      
       notification.obj             704     0         8      
       sys_startup.obj              636     0         0      
       os_list.obj                  568     0         0      
       dabort.obj                   232     0         0      
       sys_pmu.obj                  224     0         0      
       sys_main.obj                 100     0         0      
       sys_intvecs.obj              32      0         0      
       sys_phantom.obj              4       0         0      
    +--+----------------------------+-------+---------+---------+
       Total:                       62860   2482      40674  
                                                             
    C:/ti/ccsv8/tools/compiler/ti-cgt-arm_18.1.2.LTS/lib/rtsv7R4_T_be_v3D16_eabi.lib
       _printfi.c.obj               4653    0         0      
       ull_div32.asm.obj            696     0         0      
       ctype.c.obj                  0       257       0      
       s_scalbn.c.obj               236     0         0      
       s_floor.c.obj                224     0         0      
       memcpy_t2.asm.obj            156     0         0      
       memset_t2.asm.obj            122     0         0      
       s_frexp.c.obj                116     0         0      
       copy_decompress_lzss.c.obj   108     0         0      
       sprintf.c.obj                100     0         0      
       ltoa.c.obj                   84      0         0      
       atoi.c.obj                   80      0         0      
       u_div32.asm.obj              80      0         0      
       autoinit.c.obj               68      0         0      
       memccpy.c.obj                28      0         0      
       s_copysign.c.obj             24      0         0      
       strchr.c.obj                 22      0         0      
       strlen.c.obj                 22      0         0      
       wcslen.c.obj                 18      0         0      
       copy_decompress_none.c.obj   14      0         0      
       copy_zero_init.c.obj         12      0         0      
       errno.c.obj                  8       0         4      
       exit.c.obj                   4       0         0      
       div0.asm.obj                 2       0         0      
    +--+----------------------------+-------+---------+---------+
       Total:                       6877    257       4      
                                                             
       Linker Generated:            0       81        0      
    +--+----------------------------+-------+---------+---------+
       Grand Total:                 69737   2820      40678  


LINKER GENERATED COPY TABLES

__TI_cinit_table @ 00005240 records: 4, size/record: 8, table size: 32
	.data: load addr=00005208, load size=0000000c bytes, run addr=0800adb0, run size=00000035 bytes, compression=lzss
	.kernelBSS: load addr=00005220, load size=00000009 bytes, run addr=08000800, run size=00000104 bytes, compression=lzss
	.bss: load addr=00005230, load size=00000008 bytes, run addr=08001000, run size=00007dad bytes, compression=zero_init
	.kernelHEAP: load addr=00005238, load size=00000008 bytes, run addr=08008dad, run size=00002000 bytes, compression=zero_init


LINKER GENERATED HANDLER TABLE

__TI_handler_table @ 00005214 records: 3, size/record: 4, table size: 12
	index: 0, handler: __TI_decompress_lzss
	index: 1, handler: __TI_decompress_none
	index: 2, handler: __TI_zero_init


GLOBAL SYMBOLS: SORTED ALPHABETICALLY BY Name 

address   name                                  
-------   ----                                  
08008d10  Buff                                  
00013e81  C$$EXIT                               
00011138  Get_Angle                             
00011114  Get_Distance                          
0001115c  Get_New_Scan_Flag                     
0000f324  MPU_eTaskGetState                     
0000f48c  MPU_pcTaskGetName                     
0000f56c  MPU_pvTaskGetThreadLocalStoragePointer
0000f684  MPU_ulTaskNotifyTake                  
0000f840  MPU_uxQueueMessagesWaiting            
0000f874  MPU_uxQueueSpacesAvailable            
0000f460  MPU_uxTaskGetNumberOfTasks            
0000f4f4  MPU_uxTaskGetStackHighWaterMark       
0000f2f0  MPU_uxTaskPriorityGet                 
0000fac8  MPU_vEventGroupDelete                 
0000f8a8  MPU_vQueueDelete                      
0000f1fc  MPU_vTaskAllocateMPURegions           
0000f25c  MPU_vTaskDelay                        
0000f288  MPU_vTaskDelayUntil                   
0000f230  MPU_vTaskDelete                       
0000f358  MPU_vTaskPrioritySet                  
0000f3b8  MPU_vTaskResume                       
0000f528  MPU_vTaskSetThreadLocalStoragePointer 
0000f6fc  MPU_vTaskSetTimeOutState              
0000f38c  MPU_vTaskSuspend                      
0000f3e4  MPU_vTaskSuspendAll                   
0000f9ec  MPU_xEventGroupClearBits              
0000f964  MPU_xEventGroupCreate                 
0000fa30  MPU_xEventGroupSetBits                
0000fa74  MPU_xEventGroupSync                   
0000f990  MPU_xEventGroupWaitBits               
0000f8d4  MPU_xQueueGenericCreate               
0000f7ec  MPU_xQueueGenericReceive              
0000f920  MPU_xQueueGenericReset                
0000f798  MPU_xQueueGenericSend                 
0000f2bc  MPU_xTaskAbortDelay                   
0000f728  MPU_xTaskCheckForTimeOut              
0000f154  MPU_xTaskCreate                       
0000f1b8  MPU_xTaskCreateRestricted             
0000f5dc  MPU_xTaskGenericNotify                
0000f4c0  MPU_xTaskGetHandle                    
0000f5b0  MPU_xTaskGetIdleTaskHandle            
0000f76c  MPU_xTaskGetSchedulerState            
0000f434  MPU_xTaskGetTickCount                 
0000f6c8  MPU_xTaskNotifyStateClear             
0000f630  MPU_xTaskNotifyWait                   
0000f408  MPU_xTaskResumeAll                    
UNDEFED   SHT$$INIT_ARRAY$$Base                 
UNDEFED   SHT$$INIT_ARRAY$$Limit                
08008dac  UART_rx                               
00005240  __TI_CINIT_Base                       
00005260  __TI_CINIT_Limit                      
00005214  __TI_Handler_Table_Base               
00005220  __TI_Handler_Table_Limit              
00011504  __TI_PINIT_Base                       
00011508  __TI_PINIT_Limit                      
00013d05  __TI_auto_init_nobinit_nopinit        
00013a9d  __TI_decompress_lzss                  
00013e55  __TI_decompress_none                  
ffffffff  __TI_pprof_out_hndl                   
0000e721  __TI_printfi                          
ffffffff  __TI_prof_data_size                   
ffffffff  __TI_prof_data_start                  
00000000  __TI_static_base__                    
00013e63  __TI_zero_init                        
00013e79  __aeabi_errno_addr                    
0000f153  __aeabi_idiv0                         
0000f153  __aeabi_ldiv0                         
000139af  __aeabi_memclr                        
000139af  __aeabi_memclr4                       
000139af  __aeabi_memclr8                       
000137ff  __aeabi_memcpy                        
000137ff  __aeabi_memcpy4                       
000137ff  __aeabi_memcpy8                       
000139b1  __aeabi_memset                        
000139b1  __aeabi_memset4                       
000139b1  __aeabi_memset8                       
00013cb4  __aeabi_uidiv                         
00013cb4  __aeabi_uidivmod                      
00011db8  __aeabi_uldivmod                      
ffffffff  __binit__                             
ffffffff  __c_args__                            
00012070  _c_int00                              
0001141c  _coreClearAuxiliaryDataFault_         
00011430  _coreClearAuxiliaryInstructionFault_  
000113f4  _coreClearDataFaultAddress_           
000113cc  _coreClearDataFault_                  
00011408  _coreClearInstructionFaultAddress_    
000113e0  _coreClearInstructionFault_           
00011360  _coreDisableEventBusExport_           
000113a4  _coreDisableFlashEcc_                 
00011380  _coreDisableRamEcc_                   
00011350  _coreEnableEventBusExport_            
00011390  _coreEnableFlashEcc_                  
000113b4  _coreEnableIrqVicOffset_              
00011370  _coreEnableRamEcc_                    
00011338  _coreEnableVfp_                       
00011414  _coreGetAuxiliaryDataFault_           
00011428  _coreGetAuxiliaryInstructionFault_    
000113ec  _coreGetDataFaultAddress_             
000113c4  _coreGetDataFault_                    
00011400  _coreGetInstructionFaultAddress_      
000113d8  _coreGetInstructionFault_             
000111c0  _coreInitRegisters_                   
000112cc  _coreInitStackPointer_                
000147c8  _ctypes_                              
000134a8  _dabort                               
00011444  _disable_FIQ_interrupt_               
0001144c  _disable_IRQ_interrupt_               
0001143c  _disable_interrupt_                   
00011454  _enable_interrupt_                    
000114e4  _errata_CORTEXR4_57_                  
000114f4  _errata_CORTEXR4_66_                  
0001145c  _esmCcmErrorsClear_                   
00011318  _getCPSRValue_                        
00011320  _gotoCPUIdle_                         
000136cc  _pmuDisableCountersGlobal_            
000136bc  _pmuEnableCountersGlobal_             
00013728  _pmuGetCycleCount_                    
00013730  _pmuGetEventCount_                    
0001373c  _pmuGetOverflow_                      
00013670  _pmuInit_                             
000136fc  _pmuResetCounters_                    
000136dc  _pmuResetCycleCounter_                
000136ec  _pmuResetEventCounters_               
0001371c  _pmuSetCountEvent_                    
0001370c  _pmuStartCounters_                    
00013714  _pmuStopCounters_                     
UNDEFED   _system_post_cinit                    
00013e81  abort                                 
0000b6d0  adc1GetConfigValue                    
0000926c  adc1ParityCheck                       
0000b8d0  adc2GetConfigValue                    
00009358  adc2ParityCheck                       
0000b2ac  adcCalibration                        
0000b670  adcDisableNotification                
0000b620  adcEnableNotification                 
0000b084  adcGetData                            
0000b6b8  adcGetEVTPin                          
0000acfc  adcInit                               
0000b27c  adcIsConversionComplete               
0000b24c  adcIsFifoFull                         
0000b484  adcMidPointCalibration                
00011b50  adcNotification                       
0000b05c  adcResetFiFo                          
0000b698  adcSetEVTPin                          
0000afb0  adcStartConversion                    
0000b034  adcStopConversion                     
00013c65  atoi                                  
ffffffff  binit                                 
00009410  can1ParityCheck                       
000094e8  can2ParityCheck                       
000095b0  can3ParityCheck                       
00011b64  canErrorNotification                  
00011b8c  canMessageNotification                
00011b78  canStatusChangeNotification           
0000c2b4  capGetSignal                          
00008030  ccmSelfCheck                          
0000a6fc  ccmr4GetConfigValue                   
00008938  checkB0RAMECC                         
00008b28  checkB1RAMECC                         
00009c18  checkClockMonitor                     
00008d18  checkFlashECC                         
00009cf4  checkFlashEEPROMECC                   
00009e8c  checkPLL1Slip                         
00009f8c  checkPLL2Slip                         
0000a050  checkRAMAddrParity                    
000099d0  checkRAMECC                           
0000a15c  checkRAMUERRTest                      
000087bc  checkefcSelfTest                      
00013dff  copysign                              
00013dff  copysignl                             
00008234  cpuSelfTest                           
00008dfc  cpuSelfTestFail                       
00011d28  crcNotification                       
00008df4  custom_dabort                         
00011ba0  dccNotification                       
0000ab58  disableParity                         
00011d88  dmaGroupANotification                 
00008eac  dmaParityCheck                        
00001f18  eTaskConfirmSleepModeStatus           
00000890  eTaskGetState                         
00011d74  ecapNotification                      
0000c274  edgeDisableNotification               
0000c238  edgeEnableNotification                
0000c20c  edgeGetCounter                        
00011d00  edgeNotification                      
0000c1e0  edgeResetCounter                      
00008660  efcCheck                              
0000a660  efcGetConfigValue                     
00008794  efcSelfTest                           
000086e8  efcStuckZeroTest                      
0000aad0  enableParity                          
00011d60  eqepNotification                      
0000a76c  errata_PBIST_4                        
0800ade0  errno                                 
00010534  esmActivateNormalOperation            
00010608  esmClearStatus                        
00010648  esmClearStatusBuffer                  
000104fc  esmDisableError                       
0001056c  esmDisableInterrupt                   
000104d4  esmEnableError                        
00010544  esmEnableInterrupt                    
00010740  esmEnterSelfTest                      
000104b8  esmError                              
00010818  esmGetConfigValue                     
00010684  esmGetStatus                          
00010708  esmGetStatusBuffer                    
00011af8  esmGroup1Notification                 
00011b08  esmGroup2Notification                 
000130a8  esmHighInterrupt                      
000103b0  esmInit                               
000107c8  esmSelfTestStatus                     
00010664  esmSetCounterPreloadValue             
00010594  esmSetInterruptLevel                  
00010524  esmTriggerErrorPinReset               
00011d3c  etpwmNotification                     
00011d4c  etpwmTripNotification                 
00013591  floor                                 
00013591  floorl                                
0000a2c4  fmcBus1ParityCheck                    
0000885c  fmcBus2Check                          
00008898  fmcECCcheck                           
00013a29  frexp                                 
00013a29  frexpl                                
00010bcc  gioDisableNotification                
00010b64  gioEnableNotification                 
00010acc  gioGetBit                             
00010c34  gioGetConfigValue                     
00010af4  gioGetPort                            
0001389c  gioHighLevelInterrupt                 
0001096c  gioInit                               
00011bb4  gioNotification                       
00010a5c  gioSetBit                             
00010a3c  gioSetDirection                       
00010aac  gioSetPort                            
00010b0c  gioToggleBit                          
0000c3c0  het1GetConfigValue                    
00008f58  het1ParityCheck                       
0000c550  het2GetConfigValue                    
000090c0  het2ParityCheck                       
0000c3a8  hetGetTimestamp                       
0000bb9c  hetInit                               
00011d14  hetNotification                       
0000c38c  hetResetTimestamp                     
00009004  htu1ParityCheck                       
000091bc  htu2ParityCheck                       
00011c0c  i2cNotification                       
000133bd  ldexp                                 
000133bd  ldexpl                                
00013bc1  ltoa                                  
00013b08  main                                  
0000c8a8  mapClocks                             
00013dc9  memccpy                               
000137ff  memcpy                                
00008174  memoryInit                            
00011b18  memoryPort0TestFailNotification       
00011b34  memoryPort1TestFailNotification       
000139b7  memset                                
00009684  mibspi1ParityCheck                    
0000978c  mibspi3ParityCheck                    
000098b0  mibspi5ParityCheck                    
00011c34  mibspiGroupNotification               
00011c20  mibspiNotification                    
0000faf4  muxInit                               
0000a3ec  pbistFail                             
0000a470  pbistGetConfigValue                   
000085a8  pbistIsTestCompleted                  
000085d4  pbistIsTestPassed                     
00008608  pbistPortTestStatus                   
000084ac  pbistRun                              
000082cc  pbistSelfCheck                        
00008578  pbistStop                             
00001354  pcTaskGetName                         
0000c854  periphInit                            
00013e84  phantomInterrupt                      
0000ff94  pinmuxGetConfigValue                  
00004a7c  prvMpuDisable                         
00004a64  prvMpuEnable                          
00004a4c  prvMpuSetRegion                       
00004e84  pvPortMalloc                          
00001ff8  pvTaskGetThreadLocalStoragePointer    
0000c1b0  pwmDisableNotification                
0000c168  pwmEnableNotification                 
0000c088  pwmGetSignal                          
00011ce8  pwmNotification                       
0000bd88  pwmSetDuty                            
0000bed8  pwmSetSignal                          
0000bd20  pwmStart                              
0000bd54  pwmStop                               
080008d0  pxCurrentTCB                          
00004aa4  pxPortInitialiseStack                 
0800adb8  queueRx_handle                        
0800adb4  queueSendDebugData_handle             
0800adb0  queue_handle                          
00000000  resetEntry                            
08001000  rplidar                               
000133bd  scalbn                                
000133bd  scalbnl                               
0000e29c  sciDisableLoopback                    
0000e328  sciDisableNotification                
0000e268  sciEnableLoopback                     
0000e2c0  sciEnableNotification                 
0000e390  sciEnterResetState                    
0000e3b0  sciExitResetState                     
0000e3d0  sciGetConfigValue                     
0000dcec  sciInit                               
0000e118  sciIsIdleDetected                     
0000e0fc  sciIsRxReady                          
0000df7c  sciIsTxReady                          
000129e4  sciLowLevelInterrupt                  
00011c48  sciNotification                       
0000e190  sciReceive                            
0000e164  sciReceiveByte                        
0000e134  sciRxError                            
0000dfc8  sciSend                               
0000df98  sciSendByte                           
0000dee0  sciSetBaudrate                        
0000dec0  sciSetFunctional                      
0000e528  scilinGetConfigValue                  
00008020  selftestFailNotification              
0000c814  setupFlash                            
0000c76c  setupPLL                              
00011cd8  spiEndNotification                    
00011cc4  spiNotification                       
00013d89  sprintf                               
0000d08c  sramGetConfigValue                    
0000a5bc  stcGetConfigValue                     
000081b8  stcSelfCheck                          
00008df8  stcSelfCheckFail                      
00013e17  strchr                                
00013e2d  strlen                                
0000cacc  systemGetConfigValue                  
0000c9d0  systemInit                            
0000ca9c  systemPowerDown                       
0000cee0  tcmflashGetConfigValue                
0000c7cc  trimLPO                               
0800add8  ulCriticalNesting                     
00004974  ulPortCountLeadingZeros               
0800addc  ulTaskHasFPUContext                   
00002390  ulTaskNotifyTake                      
00012958  uxListRemove                          
00003910  uxQueueMessagesWaiting                
00003994  uxQueueMessagesWaitingFromISR         
00003948  uxQueueSpacesAvailable                
00001348  uxTaskGetNumberOfTasks                
0000223c  uxTaskGetStackHighWaterMark           
00000994  uxTaskPriorityGet                     
000009d8  uxTaskPriorityGetFromISR              
00002354  uxTaskResetEventItemValue             
00010df0  vAddPacket                            
0000456c  vEventGroupClearBitsCallback          
000044cc  vEventGroupDelete                     
00004550  vEventGroupSetBitsCallback            
000127ac  vListInitialise                       
00012804  vListInitialiseItem                   
00012894  vListInsert                           
00012820  vListInsertEnd                        
00004e50  vPortEndScheduler                     
000050dc  vPortFree                             
000051ec  vPortInitialiseBlocks                 
00004968  vPortInitialiseFPSCR                  
00004868  vPortPreemptiveTick                   
0000497c  vPortSWI                              
000045f8  vPortStartFirstTask                   
00004bb8  vPortStoreTaskMPUSettings             
00004774  vPortYeildWithinAPI                   
00004688  vPortYieldProcessor                   
000039c4  vQueueDelete                          
0800adbc  vRxHandle                             
00011080  vStartScan                            
000110a4  vStopScan                             
00011630  vTask1                                
08008da4  vTask1_handle                         
00011668  vTask2                                
08008da8  vTask2_handle                         
00002064  vTaskAllocateMPURegions               
0000080c  vTaskDelay                            
000006a0  vTaskDelayUntil                       
00000538  vTaskDelete                           
00001084  vTaskEndScheduler                     
0001150c  vTaskInit                             
00001f08  vTaskMissedYield                      
00002954  vTaskNotifyGiveFromISR                
00001ad0  vTaskPlaceOnEventList                 
00001b14  vTaskPlaceOnUnorderedEventList        
00000a20  vTaskPrioritySet                      
00000e20  vTaskResume                           
00001f94  vTaskSetThreadLocalStoragePointer     
00001d90  vTaskSetTimeOutState                  
00000fec  vTaskStartScheduler                   
0000166c  vTaskStepTick                         
00000c18  vTaskSuspend                          
000010a0  vTaskSuspendAll                       
000019f0  vTaskSwitchContext                    
000116f4  vUARTRx                               
00011734  vUARTTx                               
0000d368  vimChannelMap                         
0000d5d4  vimDisableInterrupt                   
0000d40c  vimEnableInterrupt                    
0000d680  vimGetConfigValue                     
0000d294  vimInit                               
00008e00  vimParityCheck                        
0001182c  vimParityErrorHandler                 
00013e43  wcslen                                
000110c4  xAddDescriptor                        
00004268  xEventGroupClearBits                  
00003dd8  xEventGroupCreate                     
000042ec  xEventGroupGetBitsFromISR             
0000431c  xEventGroupSetBits                    
00003e14  xEventGroupSync                       
00004014  xEventGroupWaitBits                   
000051d4  xPortGetFreeHeapSize                  
000051e0  xPortGetMinimumEverFreeHeapSize       
00004e2c  xPortStartScheduler                   
00002d24  xQueueGenericCreate                   
000033fc  xQueueGenericReceive                  
00002bfc  xQueueGenericReset                    
00002e40  xQueueGenericSend                     
00003100  xQueueGenericSendFromISR              
00003290  xQueueGiveFromISR                     
00003cfc  xQueueIsQueueEmptyFromISR             
00003d88  xQueueIsQueueFullFromISR              
0000381c  xQueuePeekFromISR                     
000036d4  xQueueReceiveFromISR                  
000016c8  xTaskAbortDelay                       
00001dd0  xTaskCheckForTimeOut                  
000000fc  xTaskCreate                           
00000020  xTaskCreateRestricted                 
00002580  xTaskGenericNotify                    
00002754  xTaskGenericNotifyFromISR             
0000152c  xTaskGetHandle                        
00001634  xTaskGetIdleTaskHandle                
00002304  xTaskGetSchedulerState                
00001308  xTaskGetTickCount                     
00001324  xTaskGetTickCountFromISR              
000017c8  xTaskIncrementTick                    
0001302c  xTaskNotifyStateClear                 
00002468  xTaskNotifyWait                       
00001b98  xTaskRemoveFromEventList              
00001c88  xTaskRemoveFromUnorderedEventList     
00001158  xTaskResumeAll                        
00000f04  xTaskResumeFromISR                    


GLOBAL SYMBOLS: SORTED BY Symbol Address 

address   name                                  
-------   ----                                  
00000000  __TI_static_base__                    
00000000  resetEntry                            
00000020  xTaskCreateRestricted                 
000000fc  xTaskCreate                           
00000538  vTaskDelete                           
000006a0  vTaskDelayUntil                       
0000080c  vTaskDelay                            
00000890  eTaskGetState                         
00000994  uxTaskPriorityGet                     
000009d8  uxTaskPriorityGetFromISR              
00000a20  vTaskPrioritySet                      
00000c18  vTaskSuspend                          
00000e20  vTaskResume                           
00000f04  xTaskResumeFromISR                    
00000fec  vTaskStartScheduler                   
00001084  vTaskEndScheduler                     
000010a0  vTaskSuspendAll                       
00001158  xTaskResumeAll                        
00001308  xTaskGetTickCount                     
00001324  xTaskGetTickCountFromISR              
00001348  uxTaskGetNumberOfTasks                
00001354  pcTaskGetName                         
0000152c  xTaskGetHandle                        
00001634  xTaskGetIdleTaskHandle                
0000166c  vTaskStepTick                         
000016c8  xTaskAbortDelay                       
000017c8  xTaskIncrementTick                    
000019f0  vTaskSwitchContext                    
00001ad0  vTaskPlaceOnEventList                 
00001b14  vTaskPlaceOnUnorderedEventList        
00001b98  xTaskRemoveFromEventList              
00001c88  xTaskRemoveFromUnorderedEventList     
00001d90  vTaskSetTimeOutState                  
00001dd0  xTaskCheckForTimeOut                  
00001f08  vTaskMissedYield                      
00001f18  eTaskConfirmSleepModeStatus           
00001f94  vTaskSetThreadLocalStoragePointer     
00001ff8  pvTaskGetThreadLocalStoragePointer    
00002064  vTaskAllocateMPURegions               
0000223c  uxTaskGetStackHighWaterMark           
00002304  xTaskGetSchedulerState                
00002354  uxTaskResetEventItemValue             
00002390  ulTaskNotifyTake                      
00002468  xTaskNotifyWait                       
00002580  xTaskGenericNotify                    
00002754  xTaskGenericNotifyFromISR             
00002954  vTaskNotifyGiveFromISR                
00002bfc  xQueueGenericReset                    
00002d24  xQueueGenericCreate                   
00002e40  xQueueGenericSend                     
00003100  xQueueGenericSendFromISR              
00003290  xQueueGiveFromISR                     
000033fc  xQueueGenericReceive                  
000036d4  xQueueReceiveFromISR                  
0000381c  xQueuePeekFromISR                     
00003910  uxQueueMessagesWaiting                
00003948  uxQueueSpacesAvailable                
00003994  uxQueueMessagesWaitingFromISR         
000039c4  vQueueDelete                          
00003cfc  xQueueIsQueueEmptyFromISR             
00003d88  xQueueIsQueueFullFromISR              
00003dd8  xEventGroupCreate                     
00003e14  xEventGroupSync                       
00004014  xEventGroupWaitBits                   
00004268  xEventGroupClearBits                  
000042ec  xEventGroupGetBitsFromISR             
0000431c  xEventGroupSetBits                    
000044cc  vEventGroupDelete                     
00004550  vEventGroupSetBitsCallback            
0000456c  vEventGroupClearBitsCallback          
000045f8  vPortStartFirstTask                   
00004688  vPortYieldProcessor                   
00004774  vPortYeildWithinAPI                   
00004868  vPortPreemptiveTick                   
00004968  vPortInitialiseFPSCR                  
00004974  ulPortCountLeadingZeros               
0000497c  vPortSWI                              
00004a4c  prvMpuSetRegion                       
00004a64  prvMpuEnable                          
00004a7c  prvMpuDisable                         
00004aa4  pxPortInitialiseStack                 
00004bb8  vPortStoreTaskMPUSettings             
00004e2c  xPortStartScheduler                   
00004e50  vPortEndScheduler                     
00004e84  pvPortMalloc                          
000050dc  vPortFree                             
000051d4  xPortGetFreeHeapSize                  
000051e0  xPortGetMinimumEverFreeHeapSize       
000051ec  vPortInitialiseBlocks                 
00005214  __TI_Handler_Table_Base               
00005220  __TI_Handler_Table_Limit              
00005240  __TI_CINIT_Base                       
00005260  __TI_CINIT_Limit                      
00008020  selftestFailNotification              
00008030  ccmSelfCheck                          
00008174  memoryInit                            
000081b8  stcSelfCheck                          
00008234  cpuSelfTest                           
000082cc  pbistSelfCheck                        
000084ac  pbistRun                              
00008578  pbistStop                             
000085a8  pbistIsTestCompleted                  
000085d4  pbistIsTestPassed                     
00008608  pbistPortTestStatus                   
00008660  efcCheck                              
000086e8  efcStuckZeroTest                      
00008794  efcSelfTest                           
000087bc  checkefcSelfTest                      
0000885c  fmcBus2Check                          
00008898  fmcECCcheck                           
00008938  checkB0RAMECC                         
00008b28  checkB1RAMECC                         
00008d18  checkFlashECC                         
00008df4  custom_dabort                         
00008df8  stcSelfCheckFail                      
00008dfc  cpuSelfTestFail                       
00008e00  vimParityCheck                        
00008eac  dmaParityCheck                        
00008f58  het1ParityCheck                       
00009004  htu1ParityCheck                       
000090c0  het2ParityCheck                       
000091bc  htu2ParityCheck                       
0000926c  adc1ParityCheck                       
00009358  adc2ParityCheck                       
00009410  can1ParityCheck                       
000094e8  can2ParityCheck                       
000095b0  can3ParityCheck                       
00009684  mibspi1ParityCheck                    
0000978c  mibspi3ParityCheck                    
000098b0  mibspi5ParityCheck                    
000099d0  checkRAMECC                           
00009c18  checkClockMonitor                     
00009cf4  checkFlashEEPROMECC                   
00009e8c  checkPLL1Slip                         
00009f8c  checkPLL2Slip                         
0000a050  checkRAMAddrParity                    
0000a15c  checkRAMUERRTest                      
0000a2c4  fmcBus1ParityCheck                    
0000a3ec  pbistFail                             
0000a470  pbistGetConfigValue                   
0000a5bc  stcGetConfigValue                     
0000a660  efcGetConfigValue                     
0000a6fc  ccmr4GetConfigValue                   
0000a76c  errata_PBIST_4                        
0000aad0  enableParity                          
0000ab58  disableParity                         
0000acfc  adcInit                               
0000afb0  adcStartConversion                    
0000b034  adcStopConversion                     
0000b05c  adcResetFiFo                          
0000b084  adcGetData                            
0000b24c  adcIsFifoFull                         
0000b27c  adcIsConversionComplete               
0000b2ac  adcCalibration                        
0000b484  adcMidPointCalibration                
0000b620  adcEnableNotification                 
0000b670  adcDisableNotification                
0000b698  adcSetEVTPin                          
0000b6b8  adcGetEVTPin                          
0000b6d0  adc1GetConfigValue                    
0000b8d0  adc2GetConfigValue                    
0000bb9c  hetInit                               
0000bd20  pwmStart                              
0000bd54  pwmStop                               
0000bd88  pwmSetDuty                            
0000bed8  pwmSetSignal                          
0000c088  pwmGetSignal                          
0000c168  pwmEnableNotification                 
0000c1b0  pwmDisableNotification                
0000c1e0  edgeResetCounter                      
0000c20c  edgeGetCounter                        
0000c238  edgeEnableNotification                
0000c274  edgeDisableNotification               
0000c2b4  capGetSignal                          
0000c38c  hetResetTimestamp                     
0000c3a8  hetGetTimestamp                       
0000c3c0  het1GetConfigValue                    
0000c550  het2GetConfigValue                    
0000c76c  setupPLL                              
0000c7cc  trimLPO                               
0000c814  setupFlash                            
0000c854  periphInit                            
0000c8a8  mapClocks                             
0000c9d0  systemInit                            
0000ca9c  systemPowerDown                       
0000cacc  systemGetConfigValue                  
0000cee0  tcmflashGetConfigValue                
0000d08c  sramGetConfigValue                    
0000d294  vimInit                               
0000d368  vimChannelMap                         
0000d40c  vimEnableInterrupt                    
0000d5d4  vimDisableInterrupt                   
0000d680  vimGetConfigValue                     
0000dcec  sciInit                               
0000dec0  sciSetFunctional                      
0000dee0  sciSetBaudrate                        
0000df7c  sciIsTxReady                          
0000df98  sciSendByte                           
0000dfc8  sciSend                               
0000e0fc  sciIsRxReady                          
0000e118  sciIsIdleDetected                     
0000e134  sciRxError                            
0000e164  sciReceiveByte                        
0000e190  sciReceive                            
0000e268  sciEnableLoopback                     
0000e29c  sciDisableLoopback                    
0000e2c0  sciEnableNotification                 
0000e328  sciDisableNotification                
0000e390  sciEnterResetState                    
0000e3b0  sciExitResetState                     
0000e3d0  sciGetConfigValue                     
0000e528  scilinGetConfigValue                  
0000e721  __TI_printfi                          
0000f153  __aeabi_idiv0                         
0000f153  __aeabi_ldiv0                         
0000f154  MPU_xTaskCreate                       
0000f1b8  MPU_xTaskCreateRestricted             
0000f1fc  MPU_vTaskAllocateMPURegions           
0000f230  MPU_vTaskDelete                       
0000f25c  MPU_vTaskDelay                        
0000f288  MPU_vTaskDelayUntil                   
0000f2bc  MPU_xTaskAbortDelay                   
0000f2f0  MPU_uxTaskPriorityGet                 
0000f324  MPU_eTaskGetState                     
0000f358  MPU_vTaskPrioritySet                  
0000f38c  MPU_vTaskSuspend                      
0000f3b8  MPU_vTaskResume                       
0000f3e4  MPU_vTaskSuspendAll                   
0000f408  MPU_xTaskResumeAll                    
0000f434  MPU_xTaskGetTickCount                 
0000f460  MPU_uxTaskGetNumberOfTasks            
0000f48c  MPU_pcTaskGetName                     
0000f4c0  MPU_xTaskGetHandle                    
0000f4f4  MPU_uxTaskGetStackHighWaterMark       
0000f528  MPU_vTaskSetThreadLocalStoragePointer 
0000f56c  MPU_pvTaskGetThreadLocalStoragePointer
0000f5b0  MPU_xTaskGetIdleTaskHandle            
0000f5dc  MPU_xTaskGenericNotify                
0000f630  MPU_xTaskNotifyWait                   
0000f684  MPU_ulTaskNotifyTake                  
0000f6c8  MPU_xTaskNotifyStateClear             
0000f6fc  MPU_vTaskSetTimeOutState              
0000f728  MPU_xTaskCheckForTimeOut              
0000f76c  MPU_xTaskGetSchedulerState            
0000f798  MPU_xQueueGenericSend                 
0000f7ec  MPU_xQueueGenericReceive              
0000f840  MPU_uxQueueMessagesWaiting            
0000f874  MPU_uxQueueSpacesAvailable            
0000f8a8  MPU_vQueueDelete                      
0000f8d4  MPU_xQueueGenericCreate               
0000f920  MPU_xQueueGenericReset                
0000f964  MPU_xEventGroupCreate                 
0000f990  MPU_xEventGroupWaitBits               
0000f9ec  MPU_xEventGroupClearBits              
0000fa30  MPU_xEventGroupSetBits                
0000fa74  MPU_xEventGroupSync                   
0000fac8  MPU_vEventGroupDelete                 
0000faf4  muxInit                               
0000ff94  pinmuxGetConfigValue                  
000103b0  esmInit                               
000104b8  esmError                              
000104d4  esmEnableError                        
000104fc  esmDisableError                       
00010524  esmTriggerErrorPinReset               
00010534  esmActivateNormalOperation            
00010544  esmEnableInterrupt                    
0001056c  esmDisableInterrupt                   
00010594  esmSetInterruptLevel                  
00010608  esmClearStatus                        
00010648  esmClearStatusBuffer                  
00010664  esmSetCounterPreloadValue             
00010684  esmGetStatus                          
00010708  esmGetStatusBuffer                    
00010740  esmEnterSelfTest                      
000107c8  esmSelfTestStatus                     
00010818  esmGetConfigValue                     
0001096c  gioInit                               
00010a3c  gioSetDirection                       
00010a5c  gioSetBit                             
00010aac  gioSetPort                            
00010acc  gioGetBit                             
00010af4  gioGetPort                            
00010b0c  gioToggleBit                          
00010b64  gioEnableNotification                 
00010bcc  gioDisableNotification                
00010c34  gioGetConfigValue                     
00010df0  vAddPacket                            
00011080  vStartScan                            
000110a4  vStopScan                             
000110c4  xAddDescriptor                        
00011114  Get_Distance                          
00011138  Get_Angle                             
0001115c  Get_New_Scan_Flag                     
000111c0  _coreInitRegisters_                   
000112cc  _coreInitStackPointer_                
00011318  _getCPSRValue_                        
00011320  _gotoCPUIdle_                         
00011338  _coreEnableVfp_                       
00011350  _coreEnableEventBusExport_            
00011360  _coreDisableEventBusExport_           
00011370  _coreEnableRamEcc_                    
00011380  _coreDisableRamEcc_                   
00011390  _coreEnableFlashEcc_                  
000113a4  _coreDisableFlashEcc_                 
000113b4  _coreEnableIrqVicOffset_              
000113c4  _coreGetDataFault_                    
000113cc  _coreClearDataFault_                  
000113d8  _coreGetInstructionFault_             
000113e0  _coreClearInstructionFault_           
000113ec  _coreGetDataFaultAddress_             
000113f4  _coreClearDataFaultAddress_           
00011400  _coreGetInstructionFaultAddress_      
00011408  _coreClearInstructionFaultAddress_    
00011414  _coreGetAuxiliaryDataFault_           
0001141c  _coreClearAuxiliaryDataFault_         
00011428  _coreGetAuxiliaryInstructionFault_    
00011430  _coreClearAuxiliaryInstructionFault_  
0001143c  _disable_interrupt_                   
00011444  _disable_FIQ_interrupt_               
0001144c  _disable_IRQ_interrupt_               
00011454  _enable_interrupt_                    
0001145c  _esmCcmErrorsClear_                   
000114e4  _errata_CORTEXR4_57_                  
000114f4  _errata_CORTEXR4_66_                  
00011504  __TI_PINIT_Base                       
00011508  __TI_PINIT_Limit                      
0001150c  vTaskInit                             
00011630  vTask1                                
00011668  vTask2                                
000116f4  vUARTRx                               
00011734  vUARTTx                               
0001182c  vimParityErrorHandler                 
00011af8  esmGroup1Notification                 
00011b08  esmGroup2Notification                 
00011b18  memoryPort0TestFailNotification       
00011b34  memoryPort1TestFailNotification       
00011b50  adcNotification                       
00011b64  canErrorNotification                  
00011b78  canStatusChangeNotification           
00011b8c  canMessageNotification                
00011ba0  dccNotification                       
00011bb4  gioNotification                       
00011c0c  i2cNotification                       
00011c20  mibspiNotification                    
00011c34  mibspiGroupNotification               
00011c48  sciNotification                       
00011cc4  spiNotification                       
00011cd8  spiEndNotification                    
00011ce8  pwmNotification                       
00011d00  edgeNotification                      
00011d14  hetNotification                       
00011d28  crcNotification                       
00011d3c  etpwmNotification                     
00011d4c  etpwmTripNotification                 
00011d60  eqepNotification                      
00011d74  ecapNotification                      
00011d88  dmaGroupANotification                 
00011db8  __aeabi_uldivmod                      
00012070  _c_int00                              
000127ac  vListInitialise                       
00012804  vListInitialiseItem                   
00012820  vListInsertEnd                        
00012894  vListInsert                           
00012958  uxListRemove                          
000129e4  sciLowLevelInterrupt                  
0001302c  xTaskNotifyStateClear                 
000130a8  esmHighInterrupt                      
000133bd  ldexp                                 
000133bd  ldexpl                                
000133bd  scalbn                                
000133bd  scalbnl                               
000134a8  _dabort                               
00013591  floor                                 
00013591  floorl                                
00013670  _pmuInit_                             
000136bc  _pmuEnableCountersGlobal_             
000136cc  _pmuDisableCountersGlobal_            
000136dc  _pmuResetCycleCounter_                
000136ec  _pmuResetEventCounters_               
000136fc  _pmuResetCounters_                    
0001370c  _pmuStartCounters_                    
00013714  _pmuStopCounters_                     
0001371c  _pmuSetCountEvent_                    
00013728  _pmuGetCycleCount_                    
00013730  _pmuGetEventCount_                    
0001373c  _pmuGetOverflow_                      
000137ff  __aeabi_memcpy                        
000137ff  __aeabi_memcpy4                       
000137ff  __aeabi_memcpy8                       
000137ff  memcpy                                
0001389c  gioHighLevelInterrupt                 
000139af  __aeabi_memclr                        
000139af  __aeabi_memclr4                       
000139af  __aeabi_memclr8                       
000139b1  __aeabi_memset                        
000139b1  __aeabi_memset4                       
000139b1  __aeabi_memset8                       
000139b7  memset                                
00013a29  frexp                                 
00013a29  frexpl                                
00013a9d  __TI_decompress_lzss                  
00013b08  main                                  
00013bc1  ltoa                                  
00013c65  atoi                                  
00013cb4  __aeabi_uidiv                         
00013cb4  __aeabi_uidivmod                      
00013d05  __TI_auto_init_nobinit_nopinit        
00013d89  sprintf                               
00013dc9  memccpy                               
00013dff  copysign                              
00013dff  copysignl                             
00013e17  strchr                                
00013e2d  strlen                                
00013e43  wcslen                                
00013e55  __TI_decompress_none                  
00013e63  __TI_zero_init                        
00013e79  __aeabi_errno_addr                    
00013e81  C$$EXIT                               
00013e81  abort                                 
00013e84  phantomInterrupt                      
000147c8  _ctypes_                              
080008d0  pxCurrentTCB                          
08001000  rplidar                               
08008d10  Buff                                  
08008da4  vTask1_handle                         
08008da8  vTask2_handle                         
08008dac  UART_rx                               
0800adb0  queue_handle                          
0800adb4  queueSendDebugData_handle             
0800adb8  queueRx_handle                        
0800adbc  vRxHandle                             
0800add8  ulCriticalNesting                     
0800addc  ulTaskHasFPUContext                   
0800ade0  errno                                 
ffffffff  __TI_pprof_out_hndl                   
ffffffff  __TI_prof_data_size                   
ffffffff  __TI_prof_data_start                  
ffffffff  __binit__                             
ffffffff  __c_args__                            
ffffffff  binit                                 
UNDEFED   SHT$$INIT_ARRAY$$Base                 
UNDEFED   SHT$$INIT_ARRAY$$Limit                
UNDEFED   _system_post_cinit                    

[443 symbols]
